Archive member included to satisfy reference by file (symbol)

c:/st/stm32cubeide_1.4.0/stm32cubeide/plugins/com.st.stm32cube.ide.mcu.externaltools.gnu-tools-for-stm32.7-2018-q2-update.win32_1.4.0.202007081208/tools/bin/../lib/gcc/arm-none-eabi/7.3.1/../../../../arm-none-eabi/lib/thumb/v7-m\libc_nano.a(lib_a-errno.o)
                              Src/syscalls.o (__errno)
c:/st/stm32cubeide_1.4.0/stm32cubeide/plugins/com.st.stm32cube.ide.mcu.externaltools.gnu-tools-for-stm32.7-2018-q2-update.win32_1.4.0.202007081208/tools/bin/../lib/gcc/arm-none-eabi/7.3.1/../../../../arm-none-eabi/lib/thumb/v7-m\libc_nano.a(lib_a-exit.o)
                              c:/st/stm32cubeide_1.4.0/stm32cubeide/plugins/com.st.stm32cube.ide.mcu.externaltools.gnu-tools-for-stm32.7-2018-q2-update.win32_1.4.0.202007081208/tools/bin/../lib/gcc/arm-none-eabi/7.3.1/../../../../arm-none-eabi/lib/thumb/v7-m/crt0.o (exit)
c:/st/stm32cubeide_1.4.0/stm32cubeide/plugins/com.st.stm32cube.ide.mcu.externaltools.gnu-tools-for-stm32.7-2018-q2-update.win32_1.4.0.202007081208/tools/bin/../lib/gcc/arm-none-eabi/7.3.1/../../../../arm-none-eabi/lib/thumb/v7-m\libc_nano.a(lib_a-impure.o)
                              c:/st/stm32cubeide_1.4.0/stm32cubeide/plugins/com.st.stm32cube.ide.mcu.externaltools.gnu-tools-for-stm32.7-2018-q2-update.win32_1.4.0.202007081208/tools/bin/../lib/gcc/arm-none-eabi/7.3.1/../../../../arm-none-eabi/lib/thumb/v7-m\libc_nano.a(lib_a-exit.o) (_global_impure_ptr)
c:/st/stm32cubeide_1.4.0/stm32cubeide/plugins/com.st.stm32cube.ide.mcu.externaltools.gnu-tools-for-stm32.7-2018-q2-update.win32_1.4.0.202007081208/tools/bin/../lib/gcc/arm-none-eabi/7.3.1/../../../../arm-none-eabi/lib/thumb/v7-m\libc_nano.a(lib_a-init.o)
                              c:/st/stm32cubeide_1.4.0/stm32cubeide/plugins/com.st.stm32cube.ide.mcu.externaltools.gnu-tools-for-stm32.7-2018-q2-update.win32_1.4.0.202007081208/tools/bin/../lib/gcc/arm-none-eabi/7.3.1/../../../../arm-none-eabi/lib/thumb/v7-m/crt0.o (__libc_init_array)
c:/st/stm32cubeide_1.4.0/stm32cubeide/plugins/com.st.stm32cube.ide.mcu.externaltools.gnu-tools-for-stm32.7-2018-q2-update.win32_1.4.0.202007081208/tools/bin/../lib/gcc/arm-none-eabi/7.3.1/../../../../arm-none-eabi/lib/thumb/v7-m\libc_nano.a(lib_a-memset.o)
                              c:/st/stm32cubeide_1.4.0/stm32cubeide/plugins/com.st.stm32cube.ide.mcu.externaltools.gnu-tools-for-stm32.7-2018-q2-update.win32_1.4.0.202007081208/tools/bin/../lib/gcc/arm-none-eabi/7.3.1/../../../../arm-none-eabi/lib/thumb/v7-m/crt0.o (memset)

Allocating common symbols
Common symbol       size              file

Global_SPI_Config2  0x18              Stm32F103C6_Drivers/SPI/Stm32F103C6_SPI_Driver.o
Global_UART_Config2
                    0x14              Stm32F103C6_Drivers/USART/Stm32F103C6_USART_Driver.o
Global_UART_Config1
                    0x14              Stm32F103C6_Drivers/USART/Stm32F103C6_USART_Driver.o
PinCfg              0x4               HAL/lcd.o
Global_SPI_Config1  0x18              Stm32F103C6_Drivers/SPI/Stm32F103C6_SPI_Driver.o
ch                  0x1               Src/main.o
GP_IRQ_CallBack     0x3c              Stm32F103C6_Drivers/EXTI/Stm32F103C6_EXTI_Driver.o
Global_UART_Config3
                    0x14              Stm32F103C6_Drivers/USART/Stm32F103C6_USART_Driver.o

Discarded input sections

 .text          0x0000000000000000        0x0 c:/st/stm32cubeide_1.4.0/stm32cubeide/plugins/com.st.stm32cube.ide.mcu.externaltools.gnu-tools-for-stm32.7-2018-q2-update.win32_1.4.0.202007081208/tools/bin/../lib/gcc/arm-none-eabi/7.3.1/thumb/v7-m/crti.o
 .data          0x0000000000000000        0x0 c:/st/stm32cubeide_1.4.0/stm32cubeide/plugins/com.st.stm32cube.ide.mcu.externaltools.gnu-tools-for-stm32.7-2018-q2-update.win32_1.4.0.202007081208/tools/bin/../lib/gcc/arm-none-eabi/7.3.1/thumb/v7-m/crti.o
 .bss           0x0000000000000000        0x0 c:/st/stm32cubeide_1.4.0/stm32cubeide/plugins/com.st.stm32cube.ide.mcu.externaltools.gnu-tools-for-stm32.7-2018-q2-update.win32_1.4.0.202007081208/tools/bin/../lib/gcc/arm-none-eabi/7.3.1/thumb/v7-m/crti.o
 .data          0x0000000000000000        0x4 c:/st/stm32cubeide_1.4.0/stm32cubeide/plugins/com.st.stm32cube.ide.mcu.externaltools.gnu-tools-for-stm32.7-2018-q2-update.win32_1.4.0.202007081208/tools/bin/../lib/gcc/arm-none-eabi/7.3.1/thumb/v7-m/crtbegin.o
 .text          0x0000000000000000       0x74 c:/st/stm32cubeide_1.4.0/stm32cubeide/plugins/com.st.stm32cube.ide.mcu.externaltools.gnu-tools-for-stm32.7-2018-q2-update.win32_1.4.0.202007081208/tools/bin/../lib/gcc/arm-none-eabi/7.3.1/../../../../arm-none-eabi/lib/thumb/v7-m/crt0.o
 .data          0x0000000000000000        0x0 c:/st/stm32cubeide_1.4.0/stm32cubeide/plugins/com.st.stm32cube.ide.mcu.externaltools.gnu-tools-for-stm32.7-2018-q2-update.win32_1.4.0.202007081208/tools/bin/../lib/gcc/arm-none-eabi/7.3.1/../../../../arm-none-eabi/lib/thumb/v7-m/crt0.o
[...]
Memory Configuration

Name             Origin             Length             Attributes
RAM              0x0000000020000000 0x0000000000002800 xrw
ROM              0x0000000008000000 0x0000000000008000 xr
*default*        0x0000000000000000 0xffffffffffffffff

Linker script and memory map

LOAD c:/st/stm32cubeide_1.4.0/stm32cubeide/plugins/com.st.stm32cube.ide.mcu.externaltools.gnu-tools-for-stm32.7-2018-q2-update.win32_1.4.0.202007081208/tools/bin/../lib/gcc/arm-none-eabi/7.3.1/thumb/v7-m/crti.o
LOAD c:/st/stm32cubeide_1.4.0/stm32cubeide/plugins/com.st.stm32cube.ide.mcu.externaltools.gnu-tools-for-stm32.7-2018-q2-update.win32_1.4.0.202007081208/tools/bin/../lib/gcc/arm-none-eabi/7.3.1/thumb/v7-m/crtbegin.o
LOAD c:/st/stm32cubeide_1.4.0/stm32cubeide/plugins/com.st.stm32cube.ide.mcu.externaltools.gnu-tools-for-stm32.7-2018-q2-update.win32_1.4.0.202007081208/tools/bin/../lib/gcc/arm-none-eabi/7.3.1/../../../../arm-none-eabi/lib/thumb/v7-m/crt0.o
LOAD HAL/I2C_Slave_EEROM.o
LOAD HAL/keypad.o
LOAD HAL/lcd.o
LOAD Src/main.o
LOAD Src/syscalls.o
LOAD Src/sysmem.o
LOAD Startup/startup_stm32f103c6tx.o
LOAD Stm32F103C6_Drivers/EXTI/Stm32F103C6_EXTI_Driver.o
LOAD Stm32F103C6_Drivers/GPIO/Stm32F103C6_GPIO_Driver.o
LOAD Stm32F103C6_Drivers/I2C/Stm32F103C6_I2C_Driver.o
LOAD Stm32F103C6_Drivers/RCC/Stm32F103C6_RCC_Driver.o
LOAD Stm32F103C6_Drivers/SPI/Stm32F103C6_SPI_Driver.o
LOAD Stm32F103C6_Drivers/USART/Stm32F103C6_USART_Driver.o
START GROUP
LOAD c:/st/stm32cubeide_1.4.0/stm32cubeide/plugins/com.st.stm32cube.ide.mcu.externaltools.gnu-tools-for-stm32.7-2018-q2-update.win32_1.4.0.202007081208/tools/bin/../lib/gcc/arm-none-eabi/7.3.1/../../../../arm-none-eabi/lib/thumb/v7-m\libc_nano.a
LOAD c:/st/stm32cubeide_1.4.0/stm32cubeide/plugins/com.st.stm32cube.ide.mcu.externaltools.gnu-tools-for-stm32.7-2018-q2-update.win32_1.4.0.202007081208/tools/bin/../lib/gcc/arm-none-eabi/7.3.1/../../../../arm-none-eabi/lib/thumb/v7-m\libm.a
END GROUP
START GROUP
LOAD c:/st/stm32cubeide_1.4.0/stm32cubeide/plugins/com.st.stm32cube.ide.mcu.externaltools.gnu-tools-for-stm32.7-2018-q2-update.win32_1.4.0.202007081208/tools/bin/../lib/gcc/arm-none-eabi/7.3.1/thumb/v7-m\libgcc.a
LOAD c:/st/stm32cubeide_1.4.0/stm32cubeide/plugins/com.st.stm32cube.ide.mcu.externaltools.gnu-tools-for-stm32.7-2018-q2-update.win32_1.4.0.202007081208/tools/bin/../lib/gcc/arm-none-eabi/7.3.1/../../../../arm-none-eabi/lib/thumb/v7-m\libg_nano.a
LOAD c:/st/stm32cubeide_1.4.0/stm32cubeide/plugins/com.st.stm32cube.ide.mcu.externaltools.gnu-tools-for-stm32.7-2018-q2-update.win32_1.4.0.202007081208/tools/bin/../lib/gcc/arm-none-eabi/7.3.1/../../../../arm-none-eabi/lib/thumb/v7-m\libc_nano.a
END GROUP
START GROUP
LOAD c:/st/stm32cubeide_1.4.0/stm32cubeide/plugins/com.st.stm32cube.ide.mcu.externaltools.gnu-tools-for-stm32.7-2018-q2-update.win32_1.4.0.202007081208/tools/bin/../lib/gcc/arm-none-eabi/7.3.1/thumb/v7-m\libgcc.a
LOAD c:/st/stm32cubeide_1.4.0/stm32cubeide/plugins/com.st.stm32cube.ide.mcu.externaltools.gnu-tools-for-stm32.7-2018-q2-update.win32_1.4.0.202007081208/tools/bin/../lib/gcc/arm-none-eabi/7.3.1/../../../../arm-none-eabi/lib/thumb/v7-m\libc_nano.a
LOAD c:/st/stm32cubeide_1.4.0/stm32cubeide/plugins/com.st.stm32cube.ide.mcu.externaltools.gnu-tools-for-stm32.7-2018-q2-update.win32_1.4.0.202007081208/tools/bin/../lib/gcc/arm-none-eabi/7.3.1/../../../../arm-none-eabi/lib/thumb/v7-m\libnosys.a
END GROUP
START GROUP
LOAD c:/st/stm32cubeide_1.4.0/stm32cubeide/plugins/com.st.stm32cube.ide.mcu.externaltools.gnu-tools-for-stm32.7-2018-q2-update.win32_1.4.0.202007081208/tools/bin/../lib/gcc/arm-none-eabi/7.3.1/thumb/v7-m\libgcc.a
LOAD c:/st/stm32cubeide_1.4.0/stm32cubeide/plugins/com.st.stm32cube.ide.mcu.externaltools.gnu-tools-for-stm32.7-2018-q2-update.win32_1.4.0.202007081208/tools/bin/../lib/gcc/arm-none-eabi/7.3.1/../../../../arm-none-eabi/lib/thumb/v7-m\libc_nano.a
LOAD c:/st/stm32cubeide_1.4.0/stm32cubeide/plugins/com.st.stm32cube.ide.mcu.externaltools.gnu-tools-for-stm32.7-2018-q2-update.win32_1.4.0.202007081208/tools/bin/../lib/gcc/arm-none-eabi/7.3.1/../../../../arm-none-eabi/lib/thumb/v7-m\libnosys.a
END GROUP
LOAD c:/st/stm32cubeide_1.4.0/stm32cubeide/plugins/com.st.stm32cube.ide.mcu.externaltools.gnu-tools-for-stm32.7-2018-q2-update.win32_1.4.0.202007081208/tools/bin/../lib/gcc/arm-none-eabi/7.3.1/thumb/v7-m/crtend.o
LOAD c:/st/stm32cubeide_1.4.0/stm32cubeide/plugins/com.st.stm32cube.ide.mcu.externaltools.gnu-tools-for-stm32.7-2018-q2-update.win32_1.4.0.202007081208/tools/bin/../lib/gcc/arm-none-eabi/7.3.1/thumb/v7-m/crtn.o
                0x0000000020002800                _estack = (ORIGIN (RAM) + LENGTH (RAM))
                0x0000000000000200                _Min_Heap_Size = 0x200
                0x0000000000000400                _Min_Stack_Size = 0x400

.isr_vector     0x0000000008000000      0x130
                0x0000000008000000                . = ALIGN (0x4)
 *(.isr_vector)
 .isr_vector    0x0000000008000000      0x130 Startup/startup_stm32f103c6tx.o
                0x0000000008000000                g_pfnVectors
                0x0000000008000130                . = ALIGN (0x4)

.text           0x0000000008000130      0xe54
                0x0000000008000130                . = ALIGN (0x4)
 *(.text)
 .text          0x0000000008000130       0x40 c:/st/stm32cubeide_1.4.0/stm32cubeide/plugins/com.st.stm32cube.ide.mcu.externaltools.gnu-tools-for-stm32.7-2018-q2-update.win32_1.4.0.202007081208/tools/bin/../lib/gcc/arm-none-eabi/7.3.1/thumb/v7-m/crtbegin.o
 *(.text*)
 .text.eeprom_init
                0x0000000008000170       0x40 HAL/I2C_Slave_EEROM.o
                0x0000000008000170                eeprom_init
 .text.eeprom_write_Nbytes
                0x00000000080001b0       0xa4 HAL/I2C_Slave_EEROM.o
                0x00000000080001b0                eeprom_write_Nbytes
 .text.eeprom_read_byte
                0x0000000008000254       0x58 HAL/I2C_Slave_EEROM.o
                0x0000000008000254                eeprom_read_byte
 .text.clock_init
                0x00000000080002ac       0x34 Src/main.o
                0x00000000080002ac                clock_init
 .text.main     0x00000000080002e0       0x7c Src/main.o
                0x00000000080002e0                main
 .text.Reset_Handler
                0x000000000800035c       0x50 Startup/startup_stm32f103c6tx.o
                0x000000000800035c                Reset_Handler
 .text.Default_Handler
                0x00000000080003ac        0x2 Startup/startup_stm32f103c6tx.o
                0x00000000080003ac                TIM8_TRG_COM_IRQHandler
                0x00000000080003ac                TIM8_CC_IRQHandler
                0x00000000080003ac                DebugMon_Handler
                0x00000000080003ac                TIM1_CC_IRQHandler
                0x00000000080003ac                HardFault_Handler
                0x00000000080003ac                TIM6_IRQHandler
                0x00000000080003ac                SysTick_Handler
                0x00000000080003ac                PVD_IRQHandler
                0x00000000080003ac                SDIO_IRQHandler
                0x00000000080003ac                PendSV_Handler
                0x00000000080003ac                NMI_Handler
                0x00000000080003ac                USB_HP_CAN_TX_IRQHandler
                0x00000000080003ac                I2C2_EV_IRQHandler
                0x00000000080003ac                UsageFault_Handler
                0x00000000080003ac                ADC1_2_IRQHandler
                0x00000000080003ac                CAN_SCE_IRQHandler
                0x00000000080003ac                TAMPER_IRQHandler
                0x00000000080003ac                TIM8_UP_IRQHandler
                0x00000000080003ac                DMA2_Channel2_IRQHandler
                0x00000000080003ac                DMA1_Channel4_IRQHandler
                0x00000000080003ac                RTC_IRQHandler
                0x00000000080003ac                DMA1_Channel7_IRQHandler
                0x00000000080003ac                UART5_IRQHandler
                0x00000000080003ac                ADC3_IRQHandler
                0x00000000080003ac                TIM4_IRQHandler
                0x00000000080003ac                CAN_RX1_IRQHandler
                0x00000000080003ac                DMA2_Channel1_IRQHandler
                0x00000000080003ac                I2C1_EV_IRQHandler
                0x00000000080003ac                DMA1_Channel6_IRQHandler
                0x00000000080003ac                UART4_IRQHandler
                0x00000000080003ac                TIM3_IRQHandler
                0x00000000080003ac                RCC_IRQHandler
                0x00000000080003ac                TIM1_TRG_COM_IRQHandler
                0x00000000080003ac                DMA1_Channel1_IRQHandler
                0x00000000080003ac                Default_Handler
                0x00000000080003ac                TIM7_IRQHandler
                0x00000000080003ac                TIM5_IRQHandler
                0x00000000080003ac                USB_LP_CAN_RX0_IRQHandler
                0x00000000080003ac                MemManage_Handler
                0x00000000080003ac                SVC_Handler
                0x00000000080003ac                DMA1_Channel5_IRQHandler
                0x00000000080003ac                DMA1_Channel3_IRQHandler
                0x00000000080003ac                FSMC_IRQHandler
                0x00000000080003ac                TIM1_UP_IRQHandler
                0x00000000080003ac                WWDG_IRQHandler
                0x00000000080003ac                TIM2_IRQHandler
                0x00000000080003ac                TIM1_BRK_IRQHandler
                0x00000000080003ac                RTCAlarm_IRQHandler
                0x00000000080003ac                DMA2_Channel4_5_IRQHandler
                0x00000000080003ac                I2C2_ER_IRQHandler
                0x00000000080003ac                DMA1_Channel2_IRQHandler
                0x00000000080003ac                TIM8_BRK_IRQHandler
                0x00000000080003ac                FLASH_IRQHandler
                0x00000000080003ac                BusFault_Handler
                0x00000000080003ac                SPI3_IRQHandler
                0x00000000080003ac                I2C1_ER_IRQHandler
                0x00000000080003ac                DMA2_Channel3_IRQHandler
 *fill*         0x00000000080003ae        0x2 
 .text.EXTI0_IRQHandler
                0x00000000080003b0       0x24 Stm32F103C6_Drivers/EXTI/Stm32F103C6_EXTI_Driver.o
                0x00000000080003b0                EXTI0_IRQHandler
 .text.EXTI1_IRQHandler
                0x00000000080003d4       0x24 Stm32F103C6_Drivers/EXTI/Stm32F103C6_EXTI_Driver.o
                0x00000000080003d4                EXTI1_IRQHandler
 .text.EXTI2_IRQHandler
                0x00000000080003f8       0x24 Stm32F103C6_Drivers/EXTI/Stm32F103C6_EXTI_Driver.o
                0x00000000080003f8                EXTI2_IRQHandler
 .text.EXTI3_IRQHandler
                0x000000000800041c       0x24 Stm32F103C6_Drivers/EXTI/Stm32F103C6_EXTI_Driver.o
                0x000000000800041c                EXTI3_IRQHandler
 .text.EXTI4_IRQHandler
                0x0000000008000440       0x24 Stm32F103C6_Drivers/EXTI/Stm32F103C6_EXTI_Driver.o
                0x0000000008000440                EXTI4_IRQHandler
 .text.EXTI9_5_IRQHandler
                0x0000000008000464       0xa8 Stm32F103C6_Drivers/EXTI/Stm32F103C6_EXTI_Driver.o
                0x0000000008000464                EXTI9_5_IRQHandler
 .text.EXTI15_10_IRQHandler
                0x000000000800050c       0xc4 Stm32F103C6_Drivers/EXTI/Stm32F103C6_EXTI_Driver.o
                0x000000000800050c                EXTI15_10_IRQHandler
 .text.Get_CRLH_Position
                0x00000000080005d0       0xc6 Stm32F103C6_Drivers/GPIO/Stm32F103C6_GPIO_Driver.o
                0x00000000080005d0                Get_CRLH_Position
 .text.MCAL_GPIO_Init
                0x0000000008000696       0xfe Stm32F103C6_Drivers/GPIO/Stm32F103C6_GPIO_Driver.o
                0x0000000008000696                MCAL_GPIO_Init
 .text.I2C_AcknowledgeConfig
                0x0000000008000794       0x36 Stm32F103C6_Drivers/I2C/Stm32F103C6_I2C_Driver.o
                0x0000000008000794                I2C_AcknowledgeConfig
 *fill*         0x00000000080007ca        0x2 
 .text.I2C_GetFlagStatus
                0x00000000080007cc      0x100 Stm32F103C6_Drivers/I2C/Stm32F103C6_I2C_Driver.o
                0x00000000080007cc                I2C_GetFlagStatus
 .text.I2C_GenerateSTART
                0x00000000080008cc       0x4e Stm32F103C6_Drivers/I2C/Stm32F103C6_I2C_Driver.o
                0x00000000080008cc                I2C_GenerateSTART
 .text.I2C_GenerateSTOP
                0x000000000800091a       0x36 Stm32F103C6_Drivers/I2C/Stm32F103C6_I2C_Driver.o
                0x000000000800091a                I2C_GenerateSTOP
 .text.I2C_SendAddress
                0x0000000008000950       0x3e Stm32F103C6_Drivers/I2C/Stm32F103C6_I2C_Driver.o
                0x0000000008000950                I2C_SendAddress
 *fill*         0x000000000800098e        0x2 
 .text.MCAL_I2C_Init
                0x0000000008000990      0x224 Stm32F103C6_Drivers/I2C/Stm32F103C6_I2C_Driver.o
                0x0000000008000990                MCAL_I2C_Init
 .text.MCAL_I2C_GPIO_Set_Pins
                0x0000000008000bb4       0x94 Stm32F103C6_Drivers/I2C/Stm32F103C6_I2C_Driver.o
                0x0000000008000bb4                MCAL_I2C_GPIO_Set_Pins
 .text.MCAL_I2C_Master_TX
                0x0000000008000c48       0xac Stm32F103C6_Drivers/I2C/Stm32F103C6_I2C_Driver.o
                0x0000000008000c48                MCAL_I2C_Master_TX
 .text.MCAL_I2C_Master_RX
                0x0000000008000cf4       0xd8 Stm32F103C6_Drivers/I2C/Stm32F103C6_I2C_Driver.o
                0x0000000008000cf4                MCAL_I2C_Master_RX
 .text.MCAL_RCC_GetSYS_CLKFreq
                0x0000000008000dcc       0x3c Stm32F103C6_Drivers/RCC/Stm32F103C6_RCC_Driver.o
                0x0000000008000dcc                MCAL_RCC_GetSYS_CLKFreq
 .text.MCAL_RCC_GetPCLK1Freq
                0x0000000008000e08       0x28 Stm32F103C6_Drivers/RCC/Stm32F103C6_RCC_Driver.o
                0x0000000008000e08                MCAL_RCC_GetPCLK1Freq
 .text.SPI1_IRQHandler
                0x0000000008000e30       0x5c Stm32F103C6_Drivers/SPI/Stm32F103C6_SPI_Driver.o
                0x0000000008000e30                SPI1_IRQHandler
 .text.SPI2_IRQHandler
                0x0000000008000e8c       0x5c Stm32F103C6_Drivers/SPI/Stm32F103C6_SPI_Driver.o
                0x0000000008000e8c                SPI2_IRQHandler
 .text.USART1_IRQHandler
                0x0000000008000ee8       0x14 Stm32F103C6_Drivers/USART/Stm32F103C6_USART_Driver.o
                0x0000000008000ee8                USART1_IRQHandler
 .text.USART2_IRQHandler
                0x0000000008000efc       0x14 Stm32F103C6_Drivers/USART/Stm32F103C6_USART_Driver.o
                0x0000000008000efc                USART2_IRQHandler
 .text.USART3_IRQHandler
                0x0000000008000f10       0x14 Stm32F103C6_Drivers/USART/Stm32F103C6_USART_Driver.o
                0x0000000008000f10                USART3_IRQHandler
 .text.__libc_init_array
                0x0000000008000f24       0x48 c:/st/stm32cubeide_1.4.0/stm32cubeide/plugins/com.st.stm32cube.ide.mcu.externaltools.gnu-tools-for-stm32.7-2018-q2-update.win32_1.4.0.202007081208/tools/bin/../lib/gcc/arm-none-eabi/7.3.1/../../../../arm-none-eabi/lib/thumb/v7-m\libc_nano.a(lib_a-init.o)
                0x0000000008000f24                __libc_init_array
 *(.glue_7)
 .glue_7        0x0000000008000f6c        0x0 linker stubs
 *(.glue_7t)
 .glue_7t       0x0000000008000f6c        0x0 linker stubs
 *(.eh_frame)
 .eh_frame      0x0000000008000f6c        0x0 c:/st/stm32cubeide_1.4.0/stm32cubeide/plugins/com.st.stm32cube.ide.mcu.externaltools.gnu-tools-for-stm32.7-2018-q2-update.win32_1.4.0.202007081208/tools/bin/../lib/gcc/arm-none-eabi/7.3.1/thumb/v7-m/crtbegin.o
 *(.init)
 .init          0x0000000008000f6c        0x4 c:/st/stm32cubeide_1.4.0/stm32cubeide/plugins/com.st.stm32cube.ide.mcu.externaltools.gnu-tools-for-stm32.7-2018-q2-update.win32_1.4.0.202007081208/tools/bin/../lib/gcc/arm-none-eabi/7.3.1/thumb/v7-m/crti.o
                0x0000000008000f6c                _init
 .init          0x0000000008000f70        0x8 c:/st/stm32cubeide_1.4.0/stm32cubeide/plugins/com.st.stm32cube.ide.mcu.externaltools.gnu-tools-for-stm32.7-2018-q2-update.win32_1.4.0.202007081208/tools/bin/../lib/gcc/arm-none-eabi/7.3.1/thumb/v7-m/crtn.o
 *(.fini)
 .fini          0x0000000008000f78        0x4 c:/st/stm32cubeide_1.4.0/stm32cubeide/plugins/com.st.stm32cube.ide.mcu.externaltools.gnu-tools-for-stm32.7-2018-q2-update.win32_1.4.0.202007081208/tools/bin/../lib/gcc/arm-none-eabi/7.3.1/thumb/v7-m/crti.o
                0x0000000008000f78                _fini
 .fini          0x0000000008000f7c        0x8 c:/st/stm32cubeide_1.4.0/stm32cubeide/plugins/com.st.stm32cube.ide.mcu.externaltools.gnu-tools-for-stm32.7-2018-q2-update.win32_1.4.0.202007081208/tools/bin/../lib/gcc/arm-none-eabi/7.3.1/thumb/v7-m/crtn.o
                0x0000000008000f84                . = ALIGN (0x4)
                0x0000000008000f84                _etext = .

.vfp11_veneer   0x0000000008000f84        0x0
 .vfp11_veneer  0x0000000008000f84        0x0 linker stubs

.v4_bx          0x0000000008000f84        0x0
 .v4_bx         0x0000000008000f84        0x0 linker stubs

.iplt           0x0000000008000f84        0x0
 .iplt          0x0000000008000f84        0x0 c:/st/stm32cubeide_1.4.0/stm32cubeide/plugins/com.st.stm32cube.ide.mcu.externaltools.gnu-tools-for-stm32.7-2018-q2-update.win32_1.4.0.202007081208/tools/bin/../lib/gcc/arm-none-eabi/7.3.1/thumb/v7-m/crtbegin.o

.rodata         0x0000000008000f84       0x10
                0x0000000008000f84                . = ALIGN (0x4)
 *(.rodata)
 .rodata        0x0000000008000f84        0x7 Src/main.o
 *(.rodata*)
 *fill*         0x0000000008000f8b        0x1 
 .rodata.APBPressTable
                0x0000000008000f8c        0x8 Stm32F103C6_Drivers/RCC/Stm32F103C6_RCC_Driver.o
                0x0000000008000f8c                APBPressTable
                0x0000000008000f94                . = ALIGN (0x4)

.rel.dyn        0x0000000008000f94        0x0
 .rel.iplt      0x0000000008000f94        0x0 c:/st/stm32cubeide_1.4.0/stm32cubeide/plugins/com.st.stm32cube.ide.mcu.externaltools.gnu-tools-for-stm32.7-2018-q2-update.win32_1.4.0.202007081208/tools/bin/../lib/gcc/arm-none-eabi/7.3.1/thumb/v7-m/crtbegin.o

.ARM.extab      0x0000000008000f94        0x0
                0x0000000008000f94                . = ALIGN (0x4)
 *(.ARM.extab* .gnu.linkonce.armextab.*)
                0x0000000008000f94                . = ALIGN (0x4)

.ARM            0x0000000008000f94        0x0
                0x0000000008000f94                . = ALIGN (0x4)
                0x0000000008000f94                __exidx_start = .
 *(.ARM.exidx*)
                0x0000000008000f94                __exidx_end = .
                0x0000000008000f94                . = ALIGN (0x4)

.preinit_array  0x0000000008000f94        0x0
                0x0000000008000f94                . = ALIGN (0x4)
                0x0000000008000f94                PROVIDE (__preinit_array_start = .)
 *(.preinit_array*)
                0x0000000008000f94                PROVIDE (__preinit_array_end = .)
                0x0000000008000f94                . = ALIGN (0x4)

.init_array     0x0000000008000f94        0x4
                0x0000000008000f94                . = ALIGN (0x4)
                0x0000000008000f94                PROVIDE (__init_array_start = .)
 *(SORT_BY_NAME(.init_array.*))
 *(.init_array*)
 .init_array    0x0000000008000f94        0x4 c:/st/stm32cubeide_1.4.0/stm32cubeide/plugins/com.st.stm32cube.ide.mcu.externaltools.gnu-tools-for-stm32.7-2018-q2-update.win32_1.4.0.202007081208/tools/bin/../lib/gcc/arm-none-eabi/7.3.1/thumb/v7-m/crtbegin.o
                0x0000000008000f98                PROVIDE (__init_array_end = .)
                0x0000000008000f98                . = ALIGN (0x4)

.fini_array     0x0000000008000f98        0x4
                0x0000000008000f98                . = ALIGN (0x4)
                [!provide]                        PROVIDE (__fini_array_start = .)
 *(SORT_BY_NAME(.fini_array.*))
 *(.fini_array*)
 .fini_array    0x0000000008000f98        0x4 c:/st/stm32cubeide_1.4.0/stm32cubeide/plugins/com.st.stm32cube.ide.mcu.externaltools.gnu-tools-for-stm32.7-2018-q2-update.win32_1.4.0.202007081208/tools/bin/../lib/gcc/arm-none-eabi/7.3.1/thumb/v7-m/crtbegin.o
                [!provide]                        PROVIDE (__fini_array_end = .)
                0x0000000008000f9c                . = ALIGN (0x4)
                0x0000000008000f9c                _sidata = LOADADDR (.data)

.data           0x0000000020000000        0x0 load address 0x0000000008000f9c
                0x0000000020000000                . = ALIGN (0x4)
                0x0000000020000000                _sdata = .
 *(.data)
 *(.data*)
                0x0000000020000000                . = ALIGN (0x4)
                0x0000000020000000                _edata = .

.igot.plt       0x0000000020000000        0x0 load address 0x0000000008000f9c
 .igot.plt      0x0000000020000000        0x0 c:/st/stm32cubeide_1.4.0/stm32cubeide/plugins/com.st.stm32cube.ide.mcu.externaltools.gnu-tools-for-stm32.7-2018-q2-update.win32_1.4.0.202007081208/tools/bin/../lib/gcc/arm-none-eabi/7.3.1/thumb/v7-m/crtbegin.o
                0x0000000020000000                . = ALIGN (0x4)

.bss            0x0000000020000000       0xac load address 0x0000000008000f9c
                0x0000000020000000                _sbss = .
                0x0000000020000000                __bss_start__ = _sbss
 *(.bss)
 .bss           0x0000000020000000       0x1c c:/st/stm32cubeide_1.4.0/stm32cubeide/plugins/com.st.stm32cube.ide.mcu.externaltools.gnu-tools-for-stm32.7-2018-q2-update.win32_1.4.0.202007081208/tools/bin/../lib/gcc/arm-none-eabi/7.3.1/thumb/v7-m/crtbegin.o
 *(.bss*)
 .bss.Global_I2C_Config
                0x000000002000001c       0x40 Stm32F103C6_Drivers/I2C/Stm32F103C6_I2C_Driver.o
                0x000000002000001c                Global_I2C_Config
 .bss.Global_SPI_Config
                0x000000002000005c        0x8 Stm32F103C6_Drivers/SPI/Stm32F103C6_SPI_Driver.o
                0x000000002000005c                Global_SPI_Config
 .bss.Global_UART_Config
                0x0000000020000064        0xc Stm32F103C6_Drivers/USART/Stm32F103C6_USART_Driver.o
                0x0000000020000064                Global_UART_Config
 *(COMMON)
 COMMON         0x0000000020000070       0x3c Stm32F103C6_Drivers/EXTI/Stm32F103C6_EXTI_Driver.o
                0x0000000020000070                GP_IRQ_CallBack
                0x00000000200000ac                . = ALIGN (0x4)
                0x00000000200000ac                _ebss = .
                0x00000000200000ac                __bss_end__ = _ebss

._user_heap_stack
                0x00000000200000ac      0x604 load address 0x0000000008000f9c
                0x00000000200000b0                . = ALIGN (0x8)
 *fill*         0x00000000200000ac        0x4 
                [!provide]                        PROVIDE (end = .)
                0x00000000200000b0                PROVIDE (_end = .)
                0x00000000200002b0                . = (. + _Min_Heap_Size)
 *fill*         0x00000000200000b0      0x200 
                0x00000000200006b0                . = (. + _Min_Stack_Size)
 *fill*         0x00000000200002b0      0x400 
                0x00000000200006b0                . = ALIGN (0x8)

/DISCARD/
 libc.a(*)
 libm.a(*)
 libgcc.a(*)

.ARM.attributes
                0x0000000000000000       0x29
 *(.ARM.attributes)
 .ARM.attributes
                0x0000000000000000       0x1d c:/st/stm32cubeide_1.4.0/stm32cubeide/plugins/com.st.stm32cube.ide.mcu.externaltools.gnu-tools-for-stm32.7-2018-q2-update.win32_1.4.0.202007081208/tools/bin/../lib/gcc/arm-none-eabi/7.3.1/thumb/v7-m/crti.o
 .ARM.attributes
                0x000000000000001d       0x2d c:/st/stm32cubeide_1.4.0/stm32cubeide/plugins/com.st.stm32cube.ide.mcu.externaltools.gnu-tools-for-stm32.7-2018-q2-update.win32_1.4.0.202007081208/tools/bin/../lib/gcc/arm-none-eabi/7.3.1/thumb/v7-m/crtbegin.o
 .ARM.attributes
                0x000000000000004a       0x33 HAL/I2C_Slave_EEROM.o
 .ARM.attributes
                0x000000000000007d       0x33 Src/main.o
 .ARM.attributes
                0x00000000000000b0       0x21 Startup/startup_stm32f103c6tx.o
 .ARM.attributes
                0x00000000000000d1       0x33 Stm32F103C6_Drivers/EXTI/Stm32F103C6_EXTI_Driver.o
 .ARM.attributes
                0x0000000000000104       0x33 Stm32F103C6_Drivers/GPIO/Stm32F103C6_GPIO_Driver.o
 .ARM.attributes
                0x0000000000000137       0x33 Stm32F103C6_Drivers/I2C/Stm32F103C6_I2C_Driver.o
 .ARM.attributes
                0x000000000000016a       0x33 Stm32F103C6_Drivers/RCC/Stm32F103C6_RCC_Driver.o
 .ARM.attributes
                0x000000000000019d       0x33 Stm32F103C6_Drivers/SPI/Stm32F103C6_SPI_Driver.o
 .ARM.attributes
                0x00000000000001d0       0x33 Stm32F103C6_Drivers/USART/Stm32F103C6_USART_Driver.o
 .ARM.attributes
                0x0000000000000203       0x2d c:/st/stm32cubeide_1.4.0/stm32cubeide/plugins/com.st.stm32cube.ide.mcu.externaltools.gnu-tools-for-stm32.7-2018-q2-update.win32_1.4.0.202007081208/tools/bin/../lib/gcc/arm-none-eabi/7.3.1/../../../../arm-none-eabi/lib/thumb/v7-m\libc_nano.a(lib_a-init.o)
 .ARM.attributes
                0x0000000000000230       0x1d c:/st/stm32cubeide_1.4.0/stm32cubeide/plugins/com.st.stm32cube.ide.mcu.externaltools.gnu-tools-for-stm32.7-2018-q2-update.win32_1.4.0.202007081208/tools/bin/../lib/gcc/arm-none-eabi/7.3.1/thumb/v7-m/crtn.o
OUTPUT(Drivers.elf elf32-littlearm)

.debug_info     0x0000000000000000     0x6e32
 .debug_info    0x0000000000000000      0xc91 HAL/I2C_Slave_EEROM.o
 .debug_info    0x0000000000000c91      0xc8e Src/main.o
 .debug_info    0x000000000000191f       0x22 Startup/startup_stm32f103c6tx.o
 .debug_info    0x0000000000001941      0xdb2 Stm32F103C6_Drivers/EXTI/Stm32F103C6_EXTI_Driver.o
 .debug_info    0x00000000000026f3      0xd33 Stm32F103C6_Drivers/GPIO/Stm32F103C6_GPIO_Driver.o
 .debug_info    0x0000000000003426     0x11a7 Stm32F103C6_Drivers/I2C/Stm32F103C6_I2C_Driver.o
 .debug_info    0x00000000000045cd      0xb09 Stm32F103C6_Drivers/RCC/Stm32F103C6_RCC_Driver.o
 .debug_info    0x00000000000050d6      0xf01 Stm32F103C6_Drivers/SPI/Stm32F103C6_SPI_Driver.o
 .debug_info    0x0000000000005fd7      0xe5b Stm32F103C6_Drivers/USART/Stm32F103C6_USART_Driver.o

.debug_abbrev   0x0000000000000000     0x10c0
 .debug_abbrev  0x0000000000000000      0x1d1 HAL/I2C_Slave_EEROM.o
 .debug_abbrev  0x00000000000001d1      0x22d Src/main.o
 .debug_abbrev  0x00000000000003fe       0x12 Startup/startup_stm32f103c6tx.o
 .debug_abbrev  0x0000000000000410      0x224 Stm32F103C6_Drivers/EXTI/Stm32F103C6_EXTI_Driver.o
 .debug_abbrev  0x0000000000000634      0x1de Stm32F103C6_Drivers/GPIO/Stm32F103C6_GPIO_Driver.o
 .debug_abbrev  0x0000000000000812      0x296 Stm32F103C6_Drivers/I2C/Stm32F103C6_I2C_Driver.o
 .debug_abbrev  0x0000000000000aa8      0x19b Stm32F103C6_Drivers/RCC/Stm32F103C6_RCC_Driver.o
 .debug_abbrev  0x0000000000000c43      0x269 Stm32F103C6_Drivers/SPI/Stm32F103C6_SPI_Driver.o
 .debug_abbrev  0x0000000000000eac      0x214 Stm32F103C6_Drivers/USART/Stm32F103C6_USART_Driver.o

.debug_loc      0x0000000000000000     0x127e
 .debug_loc     0x0000000000000000       0xf2 HAL/I2C_Slave_EEROM.o
 .debug_loc     0x00000000000000f2      0x110 Src/main.o
 .debug_loc     0x0000000000000202      0x320 Stm32F103C6_Drivers/EXTI/Stm32F103C6_EXTI_Driver.o
 .debug_loc     0x0000000000000522      0x330 Stm32F103C6_Drivers/GPIO/Stm32F103C6_GPIO_Driver.o
 .debug_loc     0x0000000000000852      0x414 Stm32F103C6_Drivers/I2C/Stm32F103C6_I2C_Driver.o
 .debug_loc     0x0000000000000c66       0xc8 Stm32F103C6_Drivers/RCC/Stm32F103C6_RCC_Driver.o
 .debug_loc     0x0000000000000d2e      0x2bc Stm32F103C6_Drivers/SPI/Stm32F103C6_SPI_Driver.o
 .debug_loc     0x0000000000000fea      0x294 Stm32F103C6_Drivers/USART/Stm32F103C6_USART_Driver.o

.debug_aranges  0x0000000000000000      0x2d8
 .debug_aranges
                0x0000000000000000       0x30 HAL/I2C_Slave_EEROM.o
 .debug_aranges
                0x0000000000000030       0x38 Src/main.o
 .debug_aranges
                0x0000000000000068       0x28 Startup/startup_stm32f103c6tx.o
 .debug_aranges
                0x0000000000000090       0x80 Stm32F103C6_Drivers/EXTI/Stm32F103C6_EXTI_Driver.o
 .debug_aranges
                0x0000000000000110       0x60 Stm32F103C6_Drivers/GPIO/Stm32F103C6_GPIO_Driver.o
 .debug_aranges
                0x0000000000000170       0x78 Stm32F103C6_Drivers/I2C/Stm32F103C6_I2C_Driver.o
 .debug_aranges
                0x00000000000001e8       0x38 Stm32F103C6_Drivers/RCC/Stm32F103C6_RCC_Driver.o
 .debug_aranges
                0x0000000000000220       0x58 Stm32F103C6_Drivers/SPI/Stm32F103C6_SPI_Driver.o
 .debug_aranges
                0x0000000000000278       0x60 Stm32F103C6_Drivers/USART/Stm32F103C6_USART_Driver.o

.debug_ranges   0x0000000000000000      0x250
 .debug_ranges  0x0000000000000000       0x20 HAL/I2C_Slave_EEROM.o
 .debug_ranges  0x0000000000000020       0x28 Src/main.o
 .debug_ranges  0x0000000000000048       0x20 Startup/startup_stm32f103c6tx.o
 .debug_ranges  0x0000000000000068       0x70 Stm32F103C6_Drivers/EXTI/Stm32F103C6_EXTI_Driver.o
 .debug_ranges  0x00000000000000d8       0x50 Stm32F103C6_Drivers/GPIO/Stm32F103C6_GPIO_Driver.o
 .debug_ranges  0x0000000000000128       0x68 Stm32F103C6_Drivers/I2C/Stm32F103C6_I2C_Driver.o
 .debug_ranges  0x0000000000000190       0x28 Stm32F103C6_Drivers/RCC/Stm32F103C6_RCC_Driver.o
 .debug_ranges  0x00000000000001b8       0x48 Stm32F103C6_Drivers/SPI/Stm32F103C6_SPI_Driver.o
 .debug_ranges  0x0000000000000200       0x50 Stm32F103C6_Drivers/USART/Stm32F103C6_USART_Driver.o

.debug_macro    0x0000000000000000     0x35f2
 .debug_macro   0x0000000000000000      0x204 HAL/I2C_Slave_EEROM.o
 .debug_macro   0x0000000000000204      0xa60 HAL/I2C_Slave_EEROM.o
 .debug_macro   0x0000000000000c64       0x18 HAL/I2C_Slave_EEROM.o
 .debug_macro   0x0000000000000c7c       0x22 HAL/I2C_Slave_EEROM.o
 .debug_macro   0x0000000000000c9e       0x40 HAL/I2C_Slave_EEROM.o
 .debug_macro   0x0000000000000cde       0x94 HAL/I2C_Slave_EEROM.o
 .debug_macro   0x0000000000000d72       0x3c HAL/I2C_Slave_EEROM.o
 .debug_macro   0x0000000000000dae       0x34 HAL/I2C_Slave_EEROM.o
 .debug_macro   0x0000000000000de2       0x16 HAL/I2C_Slave_EEROM.o
 .debug_macro   0x0000000000000df8      0x10e HAL/I2C_Slave_EEROM.o
 .debug_macro   0x0000000000000f06       0x8d HAL/I2C_Slave_EEROM.o
 .debug_macro   0x0000000000000f93       0x57 HAL/I2C_Slave_EEROM.o
 .debug_macro   0x0000000000000fea       0x52 HAL/I2C_Slave_EEROM.o
 .debug_macro   0x000000000000103c       0x1f HAL/I2C_Slave_EEROM.o
 .debug_macro   0x000000000000105b       0x43 HAL/I2C_Slave_EEROM.o
 .debug_macro   0x000000000000109e       0x20 HAL/I2C_Slave_EEROM.o
 .debug_macro   0x00000000000010be      0x1a3 HAL/I2C_Slave_EEROM.o
 .debug_macro   0x0000000000001261      0x330 HAL/I2C_Slave_EEROM.o
 .debug_macro   0x0000000000001591       0x16 HAL/I2C_Slave_EEROM.o
 .debug_macro   0x00000000000015a7       0x29 HAL/I2C_Slave_EEROM.o
 .debug_macro   0x00000000000015d0       0x1c HAL/I2C_Slave_EEROM.o
 .debug_macro   0x00000000000015ec       0x35 HAL/I2C_Slave_EEROM.o
 .debug_macro   0x0000000000001621       0x10 HAL/I2C_Slave_EEROM.o
 .debug_macro   0x0000000000001631       0x10 HAL/I2C_Slave_EEROM.o
 .debug_macro   0x0000000000001641       0x6a HAL/I2C_Slave_EEROM.o
 .debug_macro   0x00000000000016ab       0x1c HAL/I2C_Slave_EEROM.o
 .debug_macro   0x00000000000016c7       0x52 HAL/I2C_Slave_EEROM.o
 .debug_macro   0x0000000000001719       0x40 HAL/I2C_Slave_EEROM.o
 .debug_macro   0x0000000000001759       0x10 HAL/I2C_Slave_EEROM.o
 .debug_macro   0x0000000000001769       0x40 HAL/I2C_Slave_EEROM.o
 .debug_macro   0x00000000000017a9       0xd7 HAL/I2C_Slave_EEROM.o
 .debug_macro   0x0000000000001880       0x1c HAL/I2C_Slave_EEROM.o
 .debug_macro   0x000000000000189c       0x3d HAL/I2C_Slave_EEROM.o
 .debug_macro   0x00000000000018d9       0x16 HAL/I2C_Slave_EEROM.o
 .debug_macro   0x00000000000018ef      0x145 HAL/I2C_Slave_EEROM.o
 .debug_macro   0x0000000000001a34      0x6b8 HAL/I2C_Slave_EEROM.o
 .debug_macro   0x00000000000020ec       0xd6 HAL/I2C_Slave_EEROM.o
 .debug_macro   0x00000000000021c2       0x16 HAL/I2C_Slave_EEROM.o
 .debug_macro   0x00000000000021d8       0x5e HAL/I2C_Slave_EEROM.o
 .debug_macro   0x0000000000002236      0x232 Src/main.o
 .debug_macro   0x0000000000002468       0xd0 Src/main.o
 .debug_macro   0x0000000000002538      0x222 Src/main.o
 .debug_macro   0x000000000000275a       0xe2 Src/main.o
 .debug_macro   0x000000000000283c       0xc4 Src/main.o
 .debug_macro   0x0000000000002900       0x64 Src/main.o
 .debug_macro   0x0000000000002964       0x10 Src/main.o
 .debug_macro   0x0000000000002974      0x1f5 Stm32F103C6_Drivers/EXTI/Stm32F103C6_EXTI_Driver.o
 .debug_macro   0x0000000000002b69      0x1e2 Stm32F103C6_Drivers/GPIO/Stm32F103C6_GPIO_Driver.o
 .debug_macro   0x0000000000002d4b      0x200 Stm32F103C6_Drivers/I2C/Stm32F103C6_I2C_Driver.o
 .debug_macro   0x0000000000002f4b      0x1e2 Stm32F103C6_Drivers/RCC/Stm32F103C6_RCC_Driver.o
 .debug_macro   0x000000000000312d       0x10 Stm32F103C6_Drivers/RCC/Stm32F103C6_RCC_Driver.o
 .debug_macro   0x000000000000313d      0x203 Stm32F103C6_Drivers/SPI/Stm32F103C6_SPI_Driver.o
 .debug_macro   0x0000000000003340       0xbe Stm32F103C6_Drivers/SPI/Stm32F103C6_SPI_Driver.o
 .debug_macro   0x00000000000033fe      0x1f4 Stm32F103C6_Drivers/USART/Stm32F103C6_USART_Driver.o

.debug_line     0x0000000000000000     0x3a4e
 .debug_line    0x0000000000000000      0x6b6 HAL/I2C_Slave_EEROM.o
 .debug_line    0x00000000000006b6      0x709 Src/main.o
 .debug_line    0x0000000000000dbf       0x84 Startup/startup_stm32f103c6tx.o
 .debug_line    0x0000000000000e43      0x7cf Stm32F103C6_Drivers/EXTI/Stm32F103C6_EXTI_Driver.o
 .debug_line    0x0000000000001612      0x712 Stm32F103C6_Drivers/GPIO/Stm32F103C6_GPIO_Driver.o
 .debug_line    0x0000000000001d24      0x80d Stm32F103C6_Drivers/I2C/Stm32F103C6_I2C_Driver.o
 .debug_line    0x0000000000002531      0x635 Stm32F103C6_Drivers/RCC/Stm32F103C6_RCC_Driver.o
 .debug_line    0x0000000000002b66      0x750 Stm32F103C6_Drivers/SPI/Stm32F103C6_SPI_Driver.o
 .debug_line    0x00000000000032b6      0x798 Stm32F103C6_Drivers/USART/Stm32F103C6_USART_Driver.o

.debug_str      0x0000000000000000     0xca0d
 .debug_str     0x0000000000000000     0xa035 HAL/I2C_Slave_EEROM.o
                                       0xa227 (size before relaxing)
 .debug_str     0x000000000000a035     0x1f3f Src/main.o
                                       0xbf41 (size before relaxing)
 .debug_str     0x000000000000bf74       0x31 Startup/startup_stm32f103c6tx.o
                                         0x6c (size before relaxing)
 .debug_str     0x000000000000bfa5      0x2e5 Stm32F103C6_Drivers/EXTI/Stm32F103C6_EXTI_Driver.o
                                       0xb2e6 (size before relaxing)
 .debug_str     0x000000000000c28a      0x10f Stm32F103C6_Drivers/GPIO/Stm32F103C6_GPIO_Driver.o
                                       0x9f07 (size before relaxing)
 .debug_str     0x000000000000c399      0x261 Stm32F103C6_Drivers/I2C/Stm32F103C6_I2C_Driver.o
                                       0xa4af (size before relaxing)
 .debug_str     0x000000000000c5fa       0xa9 Stm32F103C6_Drivers/RCC/Stm32F103C6_RCC_Driver.o
                                       0x9a86 (size before relaxing)
 .debug_str     0x000000000000c6a3      0x1f1 Stm32F103C6_Drivers/SPI/Stm32F103C6_SPI_Driver.o
                                       0xa5c3 (size before relaxing)
 .debug_str     0x000000000000c894      0x179 Stm32F103C6_Drivers/USART/Stm32F103C6_USART_Driver.o
                                       0xa65f (size before relaxing)

.comment        0x0000000000000000       0x7b
 .comment       0x0000000000000000       0x7b HAL/I2C_Slave_EEROM.o
                                         0x7c (size before relaxing)
 .comment       0x000000000000007b       0x7c Src/main.o
 .comment       0x000000000000007b       0x7c Stm32F103C6_Drivers/EXTI/Stm32F103C6_EXTI_Driver.o
 .comment       0x000000000000007b       0x7c Stm32F103C6_Drivers/GPIO/Stm32F103C6_GPIO_Driver.o
 .comment       0x000000000000007b       0x7c Stm32F103C6_Drivers/I2C/Stm32F103C6_I2C_Driver.o
 .comment       0x000000000000007b       0x7c Stm32F103C6_Drivers/RCC/Stm32F103C6_RCC_Driver.o
 .comment       0x000000000000007b       0x7c Stm32F103C6_Drivers/SPI/Stm32F103C6_SPI_Driver.o
 .comment       0x000000000000007b       0x7c Stm32F103C6_Drivers/USART/Stm32F103C6_USART_Driver.o

.debug_frame    0x0000000000000000      0x964
 .debug_frame   0x0000000000000000       0x80 HAL/I2C_Slave_EEROM.o
 .debug_frame   0x0000000000000080       0x94 Src/main.o
 .debug_frame   0x0000000000000114      0x1b0 Stm32F103C6_Drivers/EXTI/Stm32F103C6_EXTI_Driver.o
 .debug_frame   0x00000000000002c4      0x178 Stm32F103C6_Drivers/GPIO/Stm32F103C6_GPIO_Driver.o
 .debug_frame   0x000000000000043c      0x1e0 Stm32F103C6_Drivers/I2C/Stm32F103C6_I2C_Driver.o
 .debug_frame   0x000000000000061c       0x84 Stm32F103C6_Drivers/RCC/Stm32F103C6_RCC_Driver.o
 .debug_frame   0x00000000000006a0      0x148 Stm32F103C6_Drivers/SPI/Stm32F103C6_SPI_Driver.o
 .debug_frame   0x00000000000007e8      0x150 Stm32F103C6_Drivers/USART/Stm32F103C6_USART_Driver.o
 .debug_frame   0x0000000000000938       0x2c c:/st/stm32cubeide_1.4.0/stm32cubeide/plugins/com.st.stm32cube.ide.mcu.externaltools.gnu-tools-for-stm32.7-2018-q2-update.win32_1.4.0.202007081208/tools/bin/../lib/gcc/arm-none-eabi/7.3.1/../../../../arm-none-eabi/lib/thumb/v7-m\libc_nano.a(lib_a-init.o)
