Stm32F103C6_USART_Driver.c:35:6:MCAL_UART_Init	24	static
Stm32F103C6_USART_Driver.c:104:6:MCAL_UART_DeInit	16	static
Stm32F103C6_USART_Driver.c:136:6:MCAL_UART_SendData	32	static
Stm32F103C6_USART_Driver.c:163:6:MCAL_UART_WAIT_TC	16	static
Stm32F103C6_USART_Driver.c:178:6:MCAL_UART_ReceiveData	32	static
Stm32F103C6_USART_Driver.c:221:6:MCAL_UART_GPIO_Set_Pins	24	static
Stm32F103C6_USART_Driver.c:319:6:USART1_IRQHandler	8	static
Stm32F103C6_USART_Driver.c:323:6:USART2_IRQHandler	8	static
Stm32F103C6_USART_Driver.c:327:6:USART3_IRQHandler	8	static
