Stm32F103C6_USART_Driver.c:36:6:MCAL_UART_Init	32	static
Stm32F103C6_USART_Driver.c:105:6:MCAL_UART_DeInit	16	static
Stm32F103C6_USART_Driver.c:137:6:MCAL_UART_SendData	32	static
Stm32F103C6_USART_Driver.c:164:6:MCAL_UART_WAIT_TC	16	static
Stm32F103C6_USART_Driver.c:179:6:MCAL_UART_ReceiveData	32	static
Stm32F103C6_USART_Driver.c:222:6:MCAL_UART_GPIO_Set_Pins	24	static
Stm32F103C6_USART_Driver.c:320:6:USART1_IRQHandler	8	static
Stm32F103C6_USART_Driver.c:324:6:USART2_IRQHandler	8	static
Stm32F103C6_USART_Driver.c:328:6:USART3_IRQHandler	8	static
