Archive member included to satisfy reference by file (symbol)

c:/st/stm32cubeide_1.4.0/stm32cubeide/plugins/com.st.stm32cube.ide.mcu.externaltools.gnu-tools-for-stm32.7-2018-q2-update.win32_1.4.0.202007081208/tools/bin/../lib/gcc/arm-none-eabi/7.3.1/../../../../arm-none-eabi/lib/thumb/v7-m\libc_nano.a(lib_a-errno.o)
                              Src/syscalls.o (__errno)
c:/st/stm32cubeide_1.4.0/stm32cubeide/plugins/com.st.stm32cube.ide.mcu.externaltools.gnu-tools-for-stm32.7-2018-q2-update.win32_1.4.0.202007081208/tools/bin/../lib/gcc/arm-none-eabi/7.3.1/../../../../arm-none-eabi/lib/thumb/v7-m\libc_nano.a(lib_a-exit.o)
                              c:/st/stm32cubeide_1.4.0/stm32cubeide/plugins/com.st.stm32cube.ide.mcu.externaltools.gnu-tools-for-stm32.7-2018-q2-update.win32_1.4.0.202007081208/tools/bin/../lib/gcc/arm-none-eabi/7.3.1/../../../../arm-none-eabi/lib/thumb/v7-m/crt0.o (exit)
c:/st/stm32cubeide_1.4.0/stm32cubeide/plugins/com.st.stm32cube.ide.mcu.externaltools.gnu-tools-for-stm32.7-2018-q2-update.win32_1.4.0.202007081208/tools/bin/../lib/gcc/arm-none-eabi/7.3.1/../../../../arm-none-eabi/lib/thumb/v7-m\libc_nano.a(lib_a-impure.o)
                              c:/st/stm32cubeide_1.4.0/stm32cubeide/plugins/com.st.stm32cube.ide.mcu.externaltools.gnu-tools-for-stm32.7-2018-q2-update.win32_1.4.0.202007081208/tools/bin/../lib/gcc/arm-none-eabi/7.3.1/../../../../arm-none-eabi/lib/thumb/v7-m\libc_nano.a(lib_a-exit.o) (_global_impure_ptr)
c:/st/stm32cubeide_1.4.0/stm32cubeide/plugins/com.st.stm32cube.ide.mcu.externaltools.gnu-tools-for-stm32.7-2018-q2-update.win32_1.4.0.202007081208/tools/bin/../lib/gcc/arm-none-eabi/7.3.1/../../../../arm-none-eabi/lib/thumb/v7-m\libc_nano.a(lib_a-init.o)
                              c:/st/stm32cubeide_1.4.0/stm32cubeide/plugins/com.st.stm32cube.ide.mcu.externaltools.gnu-tools-for-stm32.7-2018-q2-update.win32_1.4.0.202007081208/tools/bin/../lib/gcc/arm-none-eabi/7.3.1/../../../../arm-none-eabi/lib/thumb/v7-m/crt0.o (__libc_init_array)
c:/st/stm32cubeide_1.4.0/stm32cubeide/plugins/com.st.stm32cube.ide.mcu.externaltools.gnu-tools-for-stm32.7-2018-q2-update.win32_1.4.0.202007081208/tools/bin/../lib/gcc/arm-none-eabi/7.3.1/../../../../arm-none-eabi/lib/thumb/v7-m\libc_nano.a(lib_a-memset.o)
                              c:/st/stm32cubeide_1.4.0/stm32cubeide/plugins/com.st.stm32cube.ide.mcu.externaltools.gnu-tools-for-stm32.7-2018-q2-update.win32_1.4.0.202007081208/tools/bin/../lib/gcc/arm-none-eabi/7.3.1/../../../../arm-none-eabi/lib/thumb/v7-m/crt0.o (memset)

Allocating common symbols
Common symbol       size              file

PinCfg              0x4               HAL/lcd.o
ch                  0x1               Src/main.o
GP_IRQ_CallBack     0x3c              Stm32F103C6_Drivers/EXTI/Stm32F103C6_EXTI_Driver.o

Discarded input sections

 .text          0x0000000000000000        0x0 c:/st/stm32cubeide_1.4.0/stm32cubeide/plugins/com.st.stm32cube.ide.mcu.externaltools.gnu-tools-for-stm32.7-2018-q2-update.win32_1.4.0.202007081208/tools/bin/../lib/gcc/arm-none-eabi/7.3.1/thumb/v7-m/crti.o
 .data          0x0000000000000000        0x0 c:/st/stm32cubeide_1.4.0/stm32cubeide/plugins/com.st.stm32cube.ide.mcu.externaltools.gnu-tools-for-stm32.7-2018-q2-update.win32_1.4.0.202007081208/tools/bin/../lib/gcc/arm-none-eabi/7.3.1/thumb/v7-m/crti.o
 .bss           0x0000000000000000        0x0 c:/st/stm32cubeide_1.4.0/stm32cubeide/plugins/com.st.stm32cube.ide.mcu.externaltools.gnu-tools-for-stm32.7-2018-q2-update.win32_1.4.0.202007081208/tools/bin/../lib/gcc/arm-none-eabi/7.3.1/thumb/v7-m/crti.o
 .data          0x0000000000000000        0x4 c:/st/stm32cubeide_1.4.0/stm32cubeide/plugins/com.st.stm32cube.ide.mcu.externaltools.gnu-tools-for-stm32.7-2018-q2-update.win32_1.4.0.202007081208/tools/bin/../lib/gcc/arm-none-eabi/7.3.1/thumb/v7-m/crtbegin.o
 .text          0x0000000000000000       0x74 c:/st/stm32cubeide_1.4.0/stm32cubeide/plugins/com.st.stm32cube.ide.mcu.externaltools.gnu-tools-for-stm32.7-2018-q2-update.win32_1.4.0.202007081208/tools/bin/../lib/gcc/arm-none-eabi/7.3.1/../../../../arm-none-eabi/lib/thumb/v7-m/crt0.o
 .data          0x0000000000000000        0x0 c:/st/stm32cubeide_1.4.0/stm32cubeide/plugins/com.st.stm32cube.ide.mcu.externaltools.gnu-tools-for-stm32.7-2018-q2-update.win32_1.4.0.202007081208/tools/bin/../lib/gcc/arm-none-eabi/7.3.1/../../../../arm-none-eabi/lib/thumb/v7-m/crt0.o
 .bss           0x0000000000000000        0x0 c:/st/stm32cubeide_1.4.0/stm32cubeide/plugins/com.st.stm32cube.ide.mcu.externaltools.gnu-tools-for-stm32.7-2018-q2-update.win32_1.4.0.202007081208/tools/bin/../lib/gcc/arm-none-eabi/7.3.1/../../../../arm-none-eabi/lib/thumb/v7-m/crt0.o
 .ARM.extab     0x0000000000000000        0x0 c:/st/stm32cubeide_1.4.0/stm32cubeide/plugins/com.st.stm32cube.ide.mcu.externaltools.gnu-tools-for-stm32.7-2018-q2-update.win32_1.4.0.202007081208/tools/bin/../lib/gcc/arm-none-eabi/7.3.1/../../../../arm-none-eabi/lib/thumb/v7-m/crt0.o
[...]
Memory Configuration

Name             Origin             Length             Attributes
RAM              0x0000000020000000 0x0000000000002800 xrw
ROM              0x0000000008000000 0x0000000000008000 xr
*default*        0x0000000000000000 0xffffffffffffffff

Linker script and memory map

LOAD c:/st/stm32cubeide_1.4.0/stm32cubeide/plugins/com.st.stm32cube.ide.mcu.externaltools.gnu-tools-for-stm32.7-2018-q2-update.win32_1.4.0.202007081208/tools/bin/../lib/gcc/arm-none-eabi/7.3.1/thumb/v7-m/crti.o
LOAD c:/st/stm32cubeide_1.4.0/stm32cubeide/plugins/com.st.stm32cube.ide.mcu.externaltools.gnu-tools-for-stm32.7-2018-q2-update.win32_1.4.0.202007081208/tools/bin/../lib/gcc/arm-none-eabi/7.3.1/thumb/v7-m/crtbegin.o
LOAD c:/st/stm32cubeide_1.4.0/stm32cubeide/plugins/com.st.stm32cube.ide.mcu.externaltools.gnu-tools-for-stm32.7-2018-q2-update.win32_1.4.0.202007081208/tools/bin/../lib/gcc/arm-none-eabi/7.3.1/../../../../arm-none-eabi/lib/thumb/v7-m/crt0.o
LOAD HAL/keypad.o
LOAD HAL/lcd.o
LOAD Src/main.o
LOAD Src/syscalls.o
LOAD Src/sysmem.o
LOAD Startup/startup_stm32f103c6tx.o
LOAD Stm32F103C6_Drivers/EXTI/Stm32F103C6_EXTI_Driver.o
LOAD Stm32F103C6_Drivers/GPIO/Stm32F103C6_GPIO_Driver.o
LOAD Stm32F103C6_Drivers/RCC/Stm32F103C6_RCC_Driver.o
LOAD Stm32F103C6_Drivers/USART/Stm32F103C6_USART_Driver.o
START GROUP
LOAD c:/st/stm32cubeide_1.4.0/stm32cubeide/plugins/com.st.stm32cube.ide.mcu.externaltools.gnu-tools-for-stm32.7-2018-q2-update.win32_1.4.0.202007081208/tools/bin/../lib/gcc/arm-none-eabi/7.3.1/../../../../arm-none-eabi/lib/thumb/v7-m\libc_nano.a
LOAD c:/st/stm32cubeide_1.4.0/stm32cubeide/plugins/com.st.stm32cube.ide.mcu.externaltools.gnu-tools-for-stm32.7-2018-q2-update.win32_1.4.0.202007081208/tools/bin/../lib/gcc/arm-none-eabi/7.3.1/../../../../arm-none-eabi/lib/thumb/v7-m\libm.a
END GROUP
START GROUP
LOAD c:/st/stm32cubeide_1.4.0/stm32cubeide/plugins/com.st.stm32cube.ide.mcu.externaltools.gnu-tools-for-stm32.7-2018-q2-update.win32_1.4.0.202007081208/tools/bin/../lib/gcc/arm-none-eabi/7.3.1/thumb/v7-m\libgcc.a
LOAD c:/st/stm32cubeide_1.4.0/stm32cubeide/plugins/com.st.stm32cube.ide.mcu.externaltools.gnu-tools-for-stm32.7-2018-q2-update.win32_1.4.0.202007081208/tools/bin/../lib/gcc/arm-none-eabi/7.3.1/../../../../arm-none-eabi/lib/thumb/v7-m\libg_nano.a
LOAD c:/st/stm32cubeide_1.4.0/stm32cubeide/plugins/com.st.stm32cube.ide.mcu.externaltools.gnu-tools-for-stm32.7-2018-q2-update.win32_1.4.0.202007081208/tools/bin/../lib/gcc/arm-none-eabi/7.3.1/../../../../arm-none-eabi/lib/thumb/v7-m\libc_nano.a
END GROUP
START GROUP
LOAD c:/st/stm32cubeide_1.4.0/stm32cubeide/plugins/com.st.stm32cube.ide.mcu.externaltools.gnu-tools-for-stm32.7-2018-q2-update.win32_1.4.0.202007081208/tools/bin/../lib/gcc/arm-none-eabi/7.3.1/thumb/v7-m\libgcc.a
LOAD c:/st/stm32cubeide_1.4.0/stm32cubeide/plugins/com.st.stm32cube.ide.mcu.externaltools.gnu-tools-for-stm32.7-2018-q2-update.win32_1.4.0.202007081208/tools/bin/../lib/gcc/arm-none-eabi/7.3.1/../../../../arm-none-eabi/lib/thumb/v7-m\libc_nano.a
LOAD c:/st/stm32cubeide_1.4.0/stm32cubeide/plugins/com.st.stm32cube.ide.mcu.externaltools.gnu-tools-for-stm32.7-2018-q2-update.win32_1.4.0.202007081208/tools/bin/../lib/gcc/arm-none-eabi/7.3.1/../../../../arm-none-eabi/lib/thumb/v7-m\libnosys.a
END GROUP
START GROUP
LOAD c:/st/stm32cubeide_1.4.0/stm32cubeide/plugins/com.st.stm32cube.ide.mcu.externaltools.gnu-tools-for-stm32.7-2018-q2-update.win32_1.4.0.202007081208/tools/bin/../lib/gcc/arm-none-eabi/7.3.1/thumb/v7-m\libgcc.a
LOAD c:/st/stm32cubeide_1.4.0/stm32cubeide/plugins/com.st.stm32cube.ide.mcu.externaltools.gnu-tools-for-stm32.7-2018-q2-update.win32_1.4.0.202007081208/tools/bin/../lib/gcc/arm-none-eabi/7.3.1/../../../../arm-none-eabi/lib/thumb/v7-m\libc_nano.a
LOAD c:/st/stm32cubeide_1.4.0/stm32cubeide/plugins/com.st.stm32cube.ide.mcu.externaltools.gnu-tools-for-stm32.7-2018-q2-update.win32_1.4.0.202007081208/tools/bin/../lib/gcc/arm-none-eabi/7.3.1/../../../../arm-none-eabi/lib/thumb/v7-m\libnosys.a
END GROUP
LOAD c:/st/stm32cubeide_1.4.0/stm32cubeide/plugins/com.st.stm32cube.ide.mcu.externaltools.gnu-tools-for-stm32.7-2018-q2-update.win32_1.4.0.202007081208/tools/bin/../lib/gcc/arm-none-eabi/7.3.1/thumb/v7-m/crtend.o
LOAD c:/st/stm32cubeide_1.4.0/stm32cubeide/plugins/com.st.stm32cube.ide.mcu.externaltools.gnu-tools-for-stm32.7-2018-q2-update.win32_1.4.0.202007081208/tools/bin/../lib/gcc/arm-none-eabi/7.3.1/thumb/v7-m/crtn.o
                0x0000000020002800                _estack = (ORIGIN (RAM) + LENGTH (RAM))
                0x0000000000000200                _Min_Heap_Size = 0x200
                0x0000000000000400                _Min_Stack_Size = 0x400

.isr_vector     0x0000000008000000      0x130
                0x0000000008000000                . = ALIGN (0x4)
 *(.isr_vector)
 .isr_vector    0x0000000008000000      0x130 Startup/startup_stm32f103c6tx.o
                0x0000000008000000                g_pfnVectors
                0x0000000008000130                . = ALIGN (0x4)

.text           0x0000000008000130      0x9ac
                0x0000000008000130                . = ALIGN (0x4)
 *(.text)
 .text          0x0000000008000130       0x40 c:/st/stm32cubeide_1.4.0/stm32cubeide/plugins/com.st.stm32cube.ide.mcu.externaltools.gnu-tools-for-stm32.7-2018-q2-update.win32_1.4.0.202007081208/tools/bin/../lib/gcc/arm-none-eabi/7.3.1/thumb/v7-m/crtbegin.o
 *(.text*)
 .text.clock_init
                0x0000000008000170       0x34 Src/main.o
                0x0000000008000170                clock_init
 .text.UART_IRQ_Callback
                0x00000000080001a4       0x24 Src/main.o
                0x00000000080001a4                UART_IRQ_Callback
 .text.main     0x00000000080001c8       0x48 Src/main.o
                0x00000000080001c8                main
 .text.Reset_Handler
                0x0000000008000210       0x50 Startup/startup_stm32f103c6tx.o
                0x0000000008000210                Reset_Handler
 .text.Default_Handler
                0x0000000008000260        0x2 Startup/startup_stm32f103c6tx.o
                0x0000000008000260                TIM8_TRG_COM_IRQHandler
                0x0000000008000260                TIM8_CC_IRQHandler
                0x0000000008000260                DebugMon_Handler
                0x0000000008000260                TIM1_CC_IRQHandler
                0x0000000008000260                HardFault_Handler
                0x0000000008000260                TIM6_IRQHandler
                0x0000000008000260                SysTick_Handler
                0x0000000008000260                PVD_IRQHandler
                0x0000000008000260                SDIO_IRQHandler
                0x0000000008000260                PendSV_Handler
                0x0000000008000260                NMI_Handler
                0x0000000008000260                USB_HP_CAN_TX_IRQHandler
                0x0000000008000260                I2C2_EV_IRQHandler
                0x0000000008000260                UsageFault_Handler
                0x0000000008000260                ADC1_2_IRQHandler
                0x0000000008000260                SPI1_IRQHandler
                0x0000000008000260                CAN_SCE_IRQHandler
                0x0000000008000260                TAMPER_IRQHandler
                0x0000000008000260                TIM8_UP_IRQHandler
                0x0000000008000260                DMA2_Channel2_IRQHandler
                0x0000000008000260                DMA1_Channel4_IRQHandler
                0x0000000008000260                RTC_IRQHandler
                0x0000000008000260                DMA1_Channel7_IRQHandler
                0x0000000008000260                UART5_IRQHandler
                0x0000000008000260                ADC3_IRQHandler
                0x0000000008000260                TIM4_IRQHandler
                0x0000000008000260                CAN_RX1_IRQHandler
                0x0000000008000260                DMA2_Channel1_IRQHandler
                0x0000000008000260                I2C1_EV_IRQHandler
                0x0000000008000260                DMA1_Channel6_IRQHandler
                0x0000000008000260                UART4_IRQHandler
                0x0000000008000260                TIM3_IRQHandler
                0x0000000008000260                RCC_IRQHandler
                0x0000000008000260                TIM1_TRG_COM_IRQHandler
                0x0000000008000260                DMA1_Channel1_IRQHandler
                0x0000000008000260                Default_Handler
                0x0000000008000260                TIM7_IRQHandler
                0x0000000008000260                TIM5_IRQHandler
                0x0000000008000260                SPI2_IRQHandler
                0x0000000008000260                USB_LP_CAN_RX0_IRQHandler
                0x0000000008000260                MemManage_Handler
                0x0000000008000260                SVC_Handler
                0x0000000008000260                DMA1_Channel5_IRQHandler
                0x0000000008000260                DMA1_Channel3_IRQHandler
                0x0000000008000260                FSMC_IRQHandler
                0x0000000008000260                TIM1_UP_IRQHandler
                0x0000000008000260                WWDG_IRQHandler
                0x0000000008000260                TIM2_IRQHandler
                0x0000000008000260                TIM1_BRK_IRQHandler
                0x0000000008000260                RTCAlarm_IRQHandler
                0x0000000008000260                DMA2_Channel4_5_IRQHandler
                0x0000000008000260                I2C2_ER_IRQHandler
                0x0000000008000260                DMA1_Channel2_IRQHandler
                0x0000000008000260                TIM8_BRK_IRQHandler
                0x0000000008000260                FLASH_IRQHandler
                0x0000000008000260                BusFault_Handler
                0x0000000008000260                SPI3_IRQHandler
                0x0000000008000260                I2C1_ER_IRQHandler
                0x0000000008000260                DMA2_Channel3_IRQHandler
 *fill*         0x0000000008000262        0x2 
 .text.EXTI0_IRQHandler
                0x0000000008000264       0x24 Stm32F103C6_Drivers/EXTI/Stm32F103C6_EXTI_Driver.o
                0x0000000008000264                EXTI0_IRQHandler
 .text.EXTI1_IRQHandler
                0x0000000008000288       0x24 Stm32F103C6_Drivers/EXTI/Stm32F103C6_EXTI_Driver.o
                0x0000000008000288                EXTI1_IRQHandler
 .text.EXTI2_IRQHandler
                0x00000000080002ac       0x24 Stm32F103C6_Drivers/EXTI/Stm32F103C6_EXTI_Driver.o
                0x00000000080002ac                EXTI2_IRQHandler
 .text.EXTI3_IRQHandler
                0x00000000080002d0       0x24 Stm32F103C6_Drivers/EXTI/Stm32F103C6_EXTI_Driver.o
                0x00000000080002d0                EXTI3_IRQHandler
 .text.EXTI4_IRQHandler
                0x00000000080002f4       0x24 Stm32F103C6_Drivers/EXTI/Stm32F103C6_EXTI_Driver.o
                0x00000000080002f4                EXTI4_IRQHandler
 .text.EXTI9_5_IRQHandler
                0x0000000008000318       0xa8 Stm32F103C6_Drivers/EXTI/Stm32F103C6_EXTI_Driver.o
                0x0000000008000318                EXTI9_5_IRQHandler
 .text.EXTI15_10_IRQHandler
                0x00000000080003c0       0xc4 Stm32F103C6_Drivers/EXTI/Stm32F103C6_EXTI_Driver.o
                0x00000000080003c0                EXTI15_10_IRQHandler
 .text.Get_CRLH_Position
                0x0000000008000484       0xc6 Stm32F103C6_Drivers/GPIO/Stm32F103C6_GPIO_Driver.o
                0x0000000008000484                Get_CRLH_Position
 .text.MCAL_GPIO_Init
                0x000000000800054a       0xfe Stm32F103C6_Drivers/GPIO/Stm32F103C6_GPIO_Driver.o
                0x000000000800054a                MCAL_GPIO_Init
 .text.MCAL_RCC_GetSYS_CLKFreq
                0x0000000008000648       0x3c Stm32F103C6_Drivers/RCC/Stm32F103C6_RCC_Driver.o
                0x0000000008000648                MCAL_RCC_GetSYS_CLKFreq
 .text.MCAL_RCC_GetPCLK1Freq
                0x0000000008000684       0x28 Stm32F103C6_Drivers/RCC/Stm32F103C6_RCC_Driver.o
                0x0000000008000684                MCAL_RCC_GetPCLK1Freq
 .text.MCAL_RCC_GetPCLK2Freq
                0x00000000080006ac       0x28 Stm32F103C6_Drivers/RCC/Stm32F103C6_RCC_Driver.o
                0x00000000080006ac                MCAL_RCC_GetPCLK2Freq
 .text.MCAL_UART_Init
                0x00000000080006d4      0x190 Stm32F103C6_Drivers/USART/Stm32F103C6_USART_Driver.o
                0x00000000080006d4                MCAL_UART_Init
 .text.MCAL_UART_SendData
                0x0000000008000864       0x78 Stm32F103C6_Drivers/USART/Stm32F103C6_USART_Driver.o
                0x0000000008000864                MCAL_UART_SendData
 .text.MCAL_UART_ReceiveData
                0x00000000080008dc       0x98 Stm32F103C6_Drivers/USART/Stm32F103C6_USART_Driver.o
                0x00000000080008dc                MCAL_UART_ReceiveData
 .text.MCAL_UART_GPIO_Set_Pins
                0x0000000008000974       0xcc Stm32F103C6_Drivers/USART/Stm32F103C6_USART_Driver.o
                0x0000000008000974                MCAL_UART_GPIO_Set_Pins
 .text.USART1_IRQHandler
                0x0000000008000a40       0x14 Stm32F103C6_Drivers/USART/Stm32F103C6_USART_Driver.o
                0x0000000008000a40                USART1_IRQHandler
 .text.USART2_IRQHandler
                0x0000000008000a54       0x14 Stm32F103C6_Drivers/USART/Stm32F103C6_USART_Driver.o
                0x0000000008000a54                USART2_IRQHandler
 .text.USART3_IRQHandler
                0x0000000008000a68       0x14 Stm32F103C6_Drivers/USART/Stm32F103C6_USART_Driver.o
                0x0000000008000a68                USART3_IRQHandler
 .text.__libc_init_array
                0x0000000008000a7c       0x48 c:/st/stm32cubeide_1.4.0/stm32cubeide/plugins/com.st.stm32cube.ide.mcu.externaltools.gnu-tools-for-stm32.7-2018-q2-update.win32_1.4.0.202007081208/tools/bin/../lib/gcc/arm-none-eabi/7.3.1/../../../../arm-none-eabi/lib/thumb/v7-m\libc_nano.a(lib_a-init.o)
                0x0000000008000a7c                __libc_init_array
 *(.glue_7)
 .glue_7        0x0000000008000ac4        0x0 linker stubs
 *(.glue_7t)
 .glue_7t       0x0000000008000ac4        0x0 linker stubs
 *(.eh_frame)
 .eh_frame      0x0000000008000ac4        0x0 c:/st/stm32cubeide_1.4.0/stm32cubeide/plugins/com.st.stm32cube.ide.mcu.externaltools.gnu-tools-for-stm32.7-2018-q2-update.win32_1.4.0.202007081208/tools/bin/../lib/gcc/arm-none-eabi/7.3.1/thumb/v7-m/crtbegin.o
 *(.init)
 .init          0x0000000008000ac4        0x4 c:/st/stm32cubeide_1.4.0/stm32cubeide/plugins/com.st.stm32cube.ide.mcu.externaltools.gnu-tools-for-stm32.7-2018-q2-update.win32_1.4.0.202007081208/tools/bin/../lib/gcc/arm-none-eabi/7.3.1/thumb/v7-m/crti.o
                0x0000000008000ac4                _init
 .init          0x0000000008000ac8        0x8 c:/st/stm32cubeide_1.4.0/stm32cubeide/plugins/com.st.stm32cube.ide.mcu.externaltools.gnu-tools-for-stm32.7-2018-q2-update.win32_1.4.0.202007081208/tools/bin/../lib/gcc/arm-none-eabi/7.3.1/thumb/v7-m/crtn.o
 *(.fini)
 .fini          0x0000000008000ad0        0x4 c:/st/stm32cubeide_1.4.0/stm32cubeide/plugins/com.st.stm32cube.ide.mcu.externaltools.gnu-tools-for-stm32.7-2018-q2-update.win32_1.4.0.202007081208/tools/bin/../lib/gcc/arm-none-eabi/7.3.1/thumb/v7-m/crti.o
                0x0000000008000ad0                _fini
 .fini          0x0000000008000ad4        0x8 c:/st/stm32cubeide_1.4.0/stm32cubeide/plugins/com.st.stm32cube.ide.mcu.externaltools.gnu-tools-for-stm32.7-2018-q2-update.win32_1.4.0.202007081208/tools/bin/../lib/gcc/arm-none-eabi/7.3.1/thumb/v7-m/crtn.o
                0x0000000008000adc                . = ALIGN (0x4)
                0x0000000008000adc                _etext = .

.vfp11_veneer   0x0000000008000adc        0x0
 .vfp11_veneer  0x0000000008000adc        0x0 linker stubs

.v4_bx          0x0000000008000adc        0x0
 .v4_bx         0x0000000008000adc        0x0 linker stubs

.iplt           0x0000000008000adc        0x0
 .iplt          0x0000000008000adc        0x0 c:/st/stm32cubeide_1.4.0/stm32cubeide/plugins/com.st.stm32cube.ide.mcu.externaltools.gnu-tools-for-stm32.7-2018-q2-update.win32_1.4.0.202007081208/tools/bin/../lib/gcc/arm-none-eabi/7.3.1/thumb/v7-m/crtbegin.o

.rodata         0x0000000008000adc        0x8
                0x0000000008000adc                . = ALIGN (0x4)
 *(.rodata)
 *(.rodata*)
 .rodata.APBPressTable
                0x0000000008000adc        0x8 Stm32F103C6_Drivers/RCC/Stm32F103C6_RCC_Driver.o
                0x0000000008000adc                APBPressTable
                0x0000000008000ae4                . = ALIGN (0x4)

.rel.dyn        0x0000000008000ae4        0x0
 .rel.iplt      0x0000000008000ae4        0x0 c:/st/stm32cubeide_1.4.0/stm32cubeide/plugins/com.st.stm32cube.ide.mcu.externaltools.gnu-tools-for-stm32.7-2018-q2-update.win32_1.4.0.202007081208/tools/bin/../lib/gcc/arm-none-eabi/7.3.1/thumb/v7-m/crtbegin.o

.ARM.extab      0x0000000008000ae4        0x0
                0x0000000008000ae4                . = ALIGN (0x4)
 *(.ARM.extab* .gnu.linkonce.armextab.*)
                0x0000000008000ae4                . = ALIGN (0x4)

.ARM            0x0000000008000ae4        0x0
                0x0000000008000ae4                . = ALIGN (0x4)
                0x0000000008000ae4                __exidx_start = .
 *(.ARM.exidx*)
                0x0000000008000ae4                __exidx_end = .
                0x0000000008000ae4                . = ALIGN (0x4)

.preinit_array  0x0000000008000ae4        0x0
                0x0000000008000ae4                . = ALIGN (0x4)
                0x0000000008000ae4                PROVIDE (__preinit_array_start = .)
 *(.preinit_array*)
                0x0000000008000ae4                PROVIDE (__preinit_array_end = .)
                0x0000000008000ae4                . = ALIGN (0x4)

.init_array     0x0000000008000ae4        0x4
                0x0000000008000ae4                . = ALIGN (0x4)
                0x0000000008000ae4                PROVIDE (__init_array_start = .)
 *(SORT_BY_NAME(.init_array.*))
 *(.init_array*)
 .init_array    0x0000000008000ae4        0x4 c:/st/stm32cubeide_1.4.0/stm32cubeide/plugins/com.st.stm32cube.ide.mcu.externaltools.gnu-tools-for-stm32.7-2018-q2-update.win32_1.4.0.202007081208/tools/bin/../lib/gcc/arm-none-eabi/7.3.1/thumb/v7-m/crtbegin.o
                0x0000000008000ae8                PROVIDE (__init_array_end = .)
                0x0000000008000ae8                . = ALIGN (0x4)

.fini_array     0x0000000008000ae8        0x4
                0x0000000008000ae8                . = ALIGN (0x4)
                [!provide]                        PROVIDE (__fini_array_start = .)
 *(SORT_BY_NAME(.fini_array.*))
 *(.fini_array*)
 .fini_array    0x0000000008000ae8        0x4 c:/st/stm32cubeide_1.4.0/stm32cubeide/plugins/com.st.stm32cube.ide.mcu.externaltools.gnu-tools-for-stm32.7-2018-q2-update.win32_1.4.0.202007081208/tools/bin/../lib/gcc/arm-none-eabi/7.3.1/thumb/v7-m/crtbegin.o
                [!provide]                        PROVIDE (__fini_array_end = .)
                0x0000000008000aec                . = ALIGN (0x4)
                0x0000000008000aec                _sidata = LOADADDR (.data)

.data           0x0000000020000000        0x0 load address 0x0000000008000aec
                0x0000000020000000                . = ALIGN (0x4)
                0x0000000020000000                _sdata = .
 *(.data)
 *(.data*)
                0x0000000020000000                . = ALIGN (0x4)
                0x0000000020000000                _edata = .

.igot.plt       0x0000000020000000        0x0 load address 0x0000000008000aec
 .igot.plt      0x0000000020000000        0x0 c:/st/stm32cubeide_1.4.0/stm32cubeide/plugins/com.st.stm32cube.ide.mcu.externaltools.gnu-tools-for-stm32.7-2018-q2-update.win32_1.4.0.202007081208/tools/bin/../lib/gcc/arm-none-eabi/7.3.1/thumb/v7-m/crtbegin.o
                0x0000000020000000                . = ALIGN (0x4)

.bss            0x0000000020000000       0x68 load address 0x0000000008000aec
                0x0000000020000000                _sbss = .
                0x0000000020000000                __bss_start__ = _sbss
 *(.bss)
 .bss           0x0000000020000000       0x1c c:/st/stm32cubeide_1.4.0/stm32cubeide/plugins/com.st.stm32cube.ide.mcu.externaltools.gnu-tools-for-stm32.7-2018-q2-update.win32_1.4.0.202007081208/tools/bin/../lib/gcc/arm-none-eabi/7.3.1/thumb/v7-m/crtbegin.o
 *(.bss*)
 .bss.Global_UART_Config
                0x000000002000001c        0xc Stm32F103C6_Drivers/USART/Stm32F103C6_USART_Driver.o
                0x000000002000001c                Global_UART_Config
 *(COMMON)
 COMMON         0x0000000020000028        0x1 Src/main.o
                0x0000000020000028                ch
 *fill*         0x0000000020000029        0x3 
 COMMON         0x000000002000002c       0x3c Stm32F103C6_Drivers/EXTI/Stm32F103C6_EXTI_Driver.o
                0x000000002000002c                GP_IRQ_CallBack
                0x0000000020000068                . = ALIGN (0x4)
                0x0000000020000068                _ebss = .
                0x0000000020000068                __bss_end__ = _ebss

._user_heap_stack
                0x0000000020000068      0x600 load address 0x0000000008000aec
                0x0000000020000068                . = ALIGN (0x8)
                [!provide]                        PROVIDE (end = .)
                0x0000000020000068                PROVIDE (_end = .)
                0x0000000020000268                . = (. + _Min_Heap_Size)
 *fill*         0x0000000020000068      0x200 
                0x0000000020000668                . = (. + _Min_Stack_Size)
 *fill*         0x0000000020000268      0x400 
                0x0000000020000668                . = ALIGN (0x8)

/DISCARD/
 libc.a(*)
 libm.a(*)
 libgcc.a(*)

.ARM.attributes
                0x0000000000000000       0x29
 *(.ARM.attributes)
 .ARM.attributes
                0x0000000000000000       0x1d c:/st/stm32cubeide_1.4.0/stm32cubeide/plugins/com.st.stm32cube.ide.mcu.externaltools.gnu-tools-for-stm32.7-2018-q2-update.win32_1.4.0.202007081208/tools/bin/../lib/gcc/arm-none-eabi/7.3.1/thumb/v7-m/crti.o
 .ARM.attributes
                0x000000000000001d       0x2d c:/st/stm32cubeide_1.4.0/stm32cubeide/plugins/com.st.stm32cube.ide.mcu.externaltools.gnu-tools-for-stm32.7-2018-q2-update.win32_1.4.0.202007081208/tools/bin/../lib/gcc/arm-none-eabi/7.3.1/thumb/v7-m/crtbegin.o
 .ARM.attributes
                0x000000000000004a       0x33 Src/main.o
 .ARM.attributes
                0x000000000000007d       0x21 Startup/startup_stm32f103c6tx.o
 .ARM.attributes
                0x000000000000009e       0x33 Stm32F103C6_Drivers/EXTI/Stm32F103C6_EXTI_Driver.o
 .ARM.attributes
                0x00000000000000d1       0x33 Stm32F103C6_Drivers/GPIO/Stm32F103C6_GPIO_Driver.o
 .ARM.attributes
                0x0000000000000104       0x33 Stm32F103C6_Drivers/RCC/Stm32F103C6_RCC_Driver.o
 .ARM.attributes
                0x0000000000000137       0x33 Stm32F103C6_Drivers/USART/Stm32F103C6_USART_Driver.o
 .ARM.attributes
                0x000000000000016a       0x2d c:/st/stm32cubeide_1.4.0/stm32cubeide/plugins/com.st.stm32cube.ide.mcu.externaltools.gnu-tools-for-stm32.7-2018-q2-update.win32_1.4.0.202007081208/tools/bin/../lib/gcc/arm-none-eabi/7.3.1/../../../../arm-none-eabi/lib/thumb/v7-m\libc_nano.a(lib_a-init.o)
 .ARM.attributes
                0x0000000000000197       0x1d c:/st/stm32cubeide_1.4.0/stm32cubeide/plugins/com.st.stm32cube.ide.mcu.externaltools.gnu-tools-for-stm32.7-2018-q2-update.win32_1.4.0.202007081208/tools/bin/../lib/gcc/arm-none-eabi/7.3.1/thumb/v7-m/crtn.o
OUTPUT(Drivers.elf elf32-littlearm)

.debug_info     0x0000000000000000     0x4067
 .debug_info    0x0000000000000000      0xc32 Src/main.o
 .debug_info    0x0000000000000c32       0x22 Startup/startup_stm32f103c6tx.o
 .debug_info    0x0000000000000c54      0xdb2 Stm32F103C6_Drivers/EXTI/Stm32F103C6_EXTI_Driver.o
 .debug_info    0x0000000000001a06      0xd33 Stm32F103C6_Drivers/GPIO/Stm32F103C6_GPIO_Driver.o
 .debug_info    0x0000000000002739      0xb09 Stm32F103C6_Drivers/RCC/Stm32F103C6_RCC_Driver.o
 .debug_info    0x0000000000003242      0xe25 Stm32F103C6_Drivers/USART/Stm32F103C6_USART_Driver.o

.debug_abbrev   0x0000000000000000      0x9ae
 .debug_abbrev  0x0000000000000000      0x1eb Src/main.o
 .debug_abbrev  0x00000000000001eb       0x12 Startup/startup_stm32f103c6tx.o
 .debug_abbrev  0x00000000000001fd      0x224 Stm32F103C6_Drivers/EXTI/Stm32F103C6_EXTI_Driver.o
 .debug_abbrev  0x0000000000000421      0x1de Stm32F103C6_Drivers/GPIO/Stm32F103C6_GPIO_Driver.o
 .debug_abbrev  0x00000000000005ff      0x19b Stm32F103C6_Drivers/RCC/Stm32F103C6_RCC_Driver.o
 .debug_abbrev  0x000000000000079a      0x214 Stm32F103C6_Drivers/USART/Stm32F103C6_USART_Driver.o

.debug_loc      0x0000000000000000      0xa54
 .debug_loc     0x0000000000000000       0xa8 Src/main.o
 .debug_loc     0x00000000000000a8      0x320 Stm32F103C6_Drivers/EXTI/Stm32F103C6_EXTI_Driver.o
 .debug_loc     0x00000000000003c8      0x330 Stm32F103C6_Drivers/GPIO/Stm32F103C6_GPIO_Driver.o
 .debug_loc     0x00000000000006f8       0xc8 Stm32F103C6_Drivers/RCC/Stm32F103C6_RCC_Driver.o
 .debug_loc     0x00000000000007c0      0x294 Stm32F103C6_Drivers/USART/Stm32F103C6_USART_Driver.o

.debug_aranges  0x0000000000000000      0x1d0
 .debug_aranges
                0x0000000000000000       0x30 Src/main.o
 .debug_aranges
                0x0000000000000030       0x28 Startup/startup_stm32f103c6tx.o
 .debug_aranges
                0x0000000000000058       0x80 Stm32F103C6_Drivers/EXTI/Stm32F103C6_EXTI_Driver.o
 .debug_aranges
                0x00000000000000d8       0x60 Stm32F103C6_Drivers/GPIO/Stm32F103C6_GPIO_Driver.o
 .debug_aranges
                0x0000000000000138       0x38 Stm32F103C6_Drivers/RCC/Stm32F103C6_RCC_Driver.o
 .debug_aranges
                0x0000000000000170       0x60 Stm32F103C6_Drivers/USART/Stm32F103C6_USART_Driver.o

.debug_ranges   0x0000000000000000      0x178
 .debug_ranges  0x0000000000000000       0x20 Src/main.o
 .debug_ranges  0x0000000000000020       0x20 Startup/startup_stm32f103c6tx.o
 .debug_ranges  0x0000000000000040       0x70 Stm32F103C6_Drivers/EXTI/Stm32F103C6_EXTI_Driver.o
 .debug_ranges  0x00000000000000b0       0x50 Stm32F103C6_Drivers/GPIO/Stm32F103C6_GPIO_Driver.o
 .debug_ranges  0x0000000000000100       0x28 Stm32F103C6_Drivers/RCC/Stm32F103C6_RCC_Driver.o
 .debug_ranges  0x0000000000000128       0x50 Stm32F103C6_Drivers/USART/Stm32F103C6_USART_Driver.o

.debug_macro    0x0000000000000000      0xee9
 .debug_macro   0x0000000000000000      0x22c Src/main.o
 .debug_macro   0x000000000000022c       0xd0 Src/main.o
 .debug_macro   0x00000000000002fc      0x222 Src/main.o
 .debug_macro   0x000000000000051e       0x16 Src/main.o
 .debug_macro   0x0000000000000534       0xe2 Src/main.o
 .debug_macro   0x0000000000000616       0x40 Src/main.o
 .debug_macro   0x0000000000000656      0x1f5 Stm32F103C6_Drivers/EXTI/Stm32F103C6_EXTI_Driver.o
 .debug_macro   0x000000000000084b       0xd6 Stm32F103C6_Drivers/EXTI/Stm32F103C6_EXTI_Driver.o
 .debug_macro   0x0000000000000921      0x1e2 Stm32F103C6_Drivers/GPIO/Stm32F103C6_GPIO_Driver.o
 .debug_macro   0x0000000000000b03      0x1e2 Stm32F103C6_Drivers/RCC/Stm32F103C6_RCC_Driver.o
 .debug_macro   0x0000000000000ce5       0x10 Stm32F103C6_Drivers/RCC/Stm32F103C6_RCC_Driver.o
 .debug_macro   0x0000000000000cf5      0x1f4 Stm32F103C6_Drivers/USART/Stm32F103C6_USART_Driver.o

.debug_line     0x0000000000000000     0x2406
 .debug_line    0x0000000000000000      0x6d7 Src/main.o
 .debug_line    0x00000000000006d7       0x84 Startup/startup_stm32f103c6tx.o
 .debug_line    0x000000000000075b      0x7cf Stm32F103C6_Drivers/EXTI/Stm32F103C6_EXTI_Driver.o
 .debug_line    0x0000000000000f2a      0x712 Stm32F103C6_Drivers/GPIO/Stm32F103C6_GPIO_Driver.o
 .debug_line    0x000000000000163c      0x635 Stm32F103C6_Drivers/RCC/Stm32F103C6_RCC_Driver.o
 .debug_line    0x0000000000001c71      0x795 Stm32F103C6_Drivers/USART/Stm32F103C6_USART_Driver.o

.debug_str      0x0000000000000000     0xa7da
 .debug_str     0x0000000000000000     0xa23b Src/main.o
                                       0xa42f (size before relaxing)
 .debug_str     0x000000000000a23b       0x31 Startup/startup_stm32f103c6tx.o
                                         0x6c (size before relaxing)
 .debug_str     0x000000000000a26c      0x2a2 Stm32F103C6_Drivers/EXTI/Stm32F103C6_EXTI_Driver.o
                                       0x9c5d (size before relaxing)
 .debug_str     0x000000000000a50e      0x10f Stm32F103C6_Drivers/GPIO/Stm32F103C6_GPIO_Driver.o
                                       0x887e (size before relaxing)
 .debug_str     0x000000000000a61d       0xa9 Stm32F103C6_Drivers/RCC/Stm32F103C6_RCC_Driver.o
                                       0x83fd (size before relaxing)
 .debug_str     0x000000000000a6c6      0x114 Stm32F103C6_Drivers/USART/Stm32F103C6_USART_Driver.o
                                       0x8f9a (size before relaxing)

.comment        0x0000000000000000       0x7b
 .comment       0x0000000000000000       0x7b Src/main.o
                                         0x7c (size before relaxing)
 .comment       0x000000000000007b       0x7c Stm32F103C6_Drivers/EXTI/Stm32F103C6_EXTI_Driver.o
 .comment       0x000000000000007b       0x7c Stm32F103C6_Drivers/GPIO/Stm32F103C6_GPIO_Driver.o
 .comment       0x000000000000007b       0x7c Stm32F103C6_Drivers/RCC/Stm32F103C6_RCC_Driver.o
 .comment       0x000000000000007b       0x7c Stm32F103C6_Drivers/USART/Stm32F103C6_USART_Driver.o

.debug_frame    0x0000000000000000      0x590
 .debug_frame   0x0000000000000000       0x6c Src/main.o
 .debug_frame   0x000000000000006c      0x1b0 Stm32F103C6_Drivers/EXTI/Stm32F103C6_EXTI_Driver.o
 .debug_frame   0x000000000000021c      0x178 Stm32F103C6_Drivers/GPIO/Stm32F103C6_GPIO_Driver.o
 .debug_frame   0x0000000000000394       0x84 Stm32F103C6_Drivers/RCC/Stm32F103C6_RCC_Driver.o
 .debug_frame   0x0000000000000418      0x14c Stm32F103C6_Drivers/USART/Stm32F103C6_USART_Driver.o
 .debug_frame   0x0000000000000564       0x2c c:/st/stm32cubeide_1.4.0/stm32cubeide/plugins/com.st.stm32cube.ide.mcu.externaltools.gnu-tools-for-stm32.7-2018-q2-update.win32_1.4.0.202007081208/tools/bin/../lib/gcc/arm-none-eabi/7.3.1/../../../../arm-none-eabi/lib/thumb/v7-m\libc_nano.a(lib_a-init.o)
