
Allocating common symbols
Common symbol       size              file

bss_var             0x3               main.o

Memory Configuration

Name             Origin             Length             Attributes
flash            0x0000000008000000 0x0000000000020000 xr
sram             0x0000000020000000 0x0000000000005000 xrw
*default*        0x0000000000000000 0xffffffffffffffff

Linker script and memory map


.text           0x0000000008000000      0x10f
 *(.vectors*)
 *(.text*)
 .text          0x0000000008000000       0x7c main.o
                0x0000000008000000                main
 .text          0x000000000800007c       0x90 startup.o
                0x000000000800007c                Reset_Handler
                0x0000000008000100                MM_Fault_Handler
                0x0000000008000100                Bus_Fault
                0x0000000008000100                Default_Handler
                0x0000000008000100                Usage_Fault_Handler
                0x0000000008000100                H_falut_Handler
                0x0000000008000100                NMI_Handler
 *(.rodata)
 .rodata        0x000000000800010c        0x3 main.o
                0x000000000800010c                const_variables
                0x000000000800010f                _E_text = .

.glue_7         0x0000000008000110        0x0
 .glue_7        0x0000000008000110        0x0 linker stubs

.glue_7t        0x0000000008000110        0x0
 .glue_7t       0x0000000008000110        0x0 linker stubs

.vfp11_veneer   0x0000000008000110        0x0
 .vfp11_veneer  0x0000000008000110        0x0 linker stubs

.v4_bx          0x0000000008000110        0x0
 .v4_bx         0x0000000008000110        0x0 linker stubs

.iplt           0x0000000008000110        0x0
 .iplt          0x0000000008000110        0x0 main.o

.rel.dyn        0x0000000008000110        0x0
 .rel.iplt      0x0000000008000110        0x0 main.o

.data           0x0000000020000000        0x8 load address 0x000000000800010f
                0x0000000020000000                _S_DATA = .
 *(.data)
 .data          0x0000000020000000        0x7 main.o
                0x0000000020000000                R_ODR
                0x0000000020000004                g_variables
 .data          0x0000000020000007        0x0 startup.o
                0x0000000020000008                . = ALIGN (0x4)
 *fill*         0x0000000020000007        0x1 
                0x0000000020000008                _E_DATA = .

.igot.plt       0x0000000020000008        0x0 load address 0x0000000008000117
 .igot.plt      0x0000000020000008        0x0 main.o

.vector         0x0000000020000008       0x1c load address 0x0000000008000117
 .vector        0x0000000020000008       0x1c startup.o
                0x0000000020000008                vectors

.bss            0x0000000020000024     0x1003 load address 0x0000000008000133
                0x0000000020000024                _S_bss = .
 *(.bss*)
 .bss           0x0000000020000024        0x0 main.o
 .bss           0x0000000020000024        0x0 startup.o
                0x0000000020000024                _E_bss = .
                0x0000000020000024                . = ALIGN (0x4)
                0x0000000020001024                . = (. + 0x1000)
 *fill*         0x0000000020000024     0x1000 
                0x0000000020001024                _stack_top = .
 COMMON         0x0000000020001024        0x3 main.o
                0x0000000020001024                bss_var
LOAD main.o
LOAD startup.o
OUTPUT(learn_in_depth_cortex_m3.elf elf32-littlearm)

.debug_info     0x0000000000000000      0x33d
 .debug_info    0x0000000000000000      0x1ae main.o
 .debug_info    0x00000000000001ae      0x18f startup.o

.debug_abbrev   0x0000000000000000      0x1c9
 .debug_abbrev  0x0000000000000000       0xf5 main.o
 .debug_abbrev  0x00000000000000f5       0xd4 startup.o

.debug_loc      0x0000000000000000       0xb4
 .debug_loc     0x0000000000000000       0x38 main.o
 .debug_loc     0x0000000000000038       0x7c startup.o

.debug_aranges  0x0000000000000000       0x40
 .debug_aranges
                0x0000000000000000       0x20 main.o
 .debug_aranges
                0x0000000000000020       0x20 startup.o

.debug_line     0x0000000000000000      0x3d5
 .debug_line    0x0000000000000000      0x1e3 main.o
 .debug_line    0x00000000000001e3      0x1f2 startup.o

.debug_str      0x0000000000000000      0x1ae
 .debug_str     0x0000000000000000      0x12e main.o
                                        0x16b (size before relaxing)
 .debug_str     0x000000000000012e       0x80 startup.o
                                        0x18c (size before relaxing)

.comment        0x0000000000000000       0x7b
 .comment       0x0000000000000000       0x7b main.o
                                         0x7c (size before relaxing)
 .comment       0x000000000000007b       0x7c startup.o

.ARM.attributes
                0x0000000000000000       0x33
 .ARM.attributes
                0x0000000000000000       0x33 main.o
 .ARM.attributes
                0x0000000000000033       0x33 startup.o

.debug_frame    0x0000000000000000       0x7c
 .debug_frame   0x0000000000000000       0x2c main.o
 .debug_frame   0x000000000000002c       0x50 startup.o
