Stm32F103C6_EXTI_Driver.c:30:6:Enable_NVIC	16	static
Stm32F103C6_EXTI_Driver.c:68:6:Disable_NVIC	16	static
Stm32F103C6_EXTI_Driver.c:107:6:Update_EXTI	24	static
Stm32F103C6_EXTI_Driver.c:173:6:MCAL_ETII_GPIO_DeInit	4	static
Stm32F103C6_EXTI_Driver.c:200:6:MCAL_EXTI_GPIO_Init	16	static
Stm32F103C6_EXTI_Driver.c:212:6:MCAL_EXTI_GPIO_Update	16	static
Stm32F103C6_EXTI_Driver.c:220:6:EXTI0_IRQHandler	8	static
Stm32F103C6_EXTI_Driver.c:228:6:EXTI1_IRQHandler	8	static
Stm32F103C6_EXTI_Driver.c:233:6:EXTI2_IRQHandler	8	static
Stm32F103C6_EXTI_Driver.c:238:6:EXTI3_IRQHandler	8	static
Stm32F103C6_EXTI_Driver.c:243:6:EXTI4_IRQHandler	8	static
Stm32F103C6_EXTI_Driver.c:248:6:EXTI9_5_IRQHandler	8	static
Stm32F103C6_EXTI_Driver.c:257:6:EXTI15_10_IRQHandler	8	static
